Copyright 1986-2022 Xilinx, Inc. All Rights Reserved. Copyright 2022-2026 Advanced Micro Devices, Inc. All Rights Reserved.
-----------------------------------------------------------------------------------------------------------------------------------------------------------------------
| Tool Version : Vivado v.2026.1 (win64) Build 6511674 Tue Jun 16 11:02:23 MDT 2026
| Date         : Sat Aug 29 18:30:56 2026
| Host         : omitted from public report
| Command      : report_timing_summary -file reports/a7_lite/post_synthesis_timing.rpt
| Design       : a7_lite_self_test_top
| Device       : 7a35t-fgg484
| Speed File   : -2  PRODUCTION 1.23 2018-06-13
| Design State : Synthesized
-----------------------------------------------------------------------------------------------------------------------------------------------------------------------

Timing Summary Report

------------------------------------------------------------------------------------------------
| Timer Settings
| --------------
------------------------------------------------------------------------------------------------

  Enable Multi Corner Analysis               :  Yes
  Enable Pessimism Removal                   :  Yes
  Pessimism Removal Resolution               :  Nearest Common Node
  Enable Input Delay Default Clock           :  No
  Enable Preset / Clear Arcs                 :  No
  Disable Flight Delays                      :  No
  Ignore I/O Paths                           :  No
  Timing Early Launch at Borrowing Latches   :  No
  Borrow Time for Max Delay Exceptions       :  Yes
  Merge Timing Exceptions                    :  Yes
  Inter-SLR Compensation                     :  Conservative

  Corner  Analyze    Analyze
  Name    Max Paths  Min Paths
  ------  ---------  ---------
  Slow    Yes        Yes
  Fast    Yes        Yes


------------------------------------------------------------------------------------------------
| Report Methodology
| ------------------
------------------------------------------------------------------------------------------------

No report available as report_methodology has not been run prior. Run report_methodology on the current design for the summary of methodology violations.



check_timing report

Table of Contents
-----------------
1. checking no_clock (0)
2. checking constant_clock (0)
3. checking pulse_width_clock (0)
4. checking unconstrained_internal_endpoints (0)
5. checking no_input_delay (1)
6. checking no_output_delay (2)
7. checking multiple_clock (0)
8. checking generated_clocks (0)
9. checking loops (0)
10. checking partial_input_delay (0)
11. checking partial_output_delay (0)
12. checking latch_loops (0)

1. checking no_clock (0)
------------------------
 There are 0 register/latch pins with no clock.


2. checking constant_clock (0)
------------------------------
 There are 0 register/latch pins with constant_clock.


3. checking pulse_width_clock (0)
---------------------------------
 There are 0 register/latch pins which need pulse_width check


4. checking unconstrained_internal_endpoints (0)
------------------------------------------------
 There are 0 pins that are not constrained for maximum delay.

 There are 0 pins that are not constrained for maximum delay due to constant clock.


5. checking no_input_delay (1)
------------------------------
 There is 1 input port with no input delay specified. (HIGH)

 There are 0 input ports with no input delay but user has a false path constraint.


6. checking no_output_delay (2)
-------------------------------
 There are 2 ports with no output delay specified. (HIGH)

 There are 0 ports with no output delay but user has a false path constraint

 There are 0 ports with no output delay but with a timing clock defined on it or propagating through it


7. checking multiple_clock (0)
------------------------------
 There are 0 register/latch pins with multiple clocks.


8. checking generated_clocks (0)
--------------------------------
 There are 0 generated clocks that are not connected to a clock source.


9. checking loops (0)
---------------------
 There are 0 combinational loops in the design.


10. checking partial_input_delay (0)
------------------------------------
 There are 0 input ports with partial input delay specified.


11. checking partial_output_delay (0)
-------------------------------------
 There are 0 ports with partial output delay specified.


12. checking latch_loops (0)
----------------------------
 There are 0 combinational latch loops in the design through latch input



------------------------------------------------------------------------------------------------
| Design Timing Summary
| ---------------------
------------------------------------------------------------------------------------------------

    WNS(ns)      TNS(ns)  TNS Failing Endpoints  TNS Total Endpoints      WHS(ns)      THS(ns)  THS Failing Endpoints  THS Total Endpoints     WPWS(ns)     TPWS(ns)  TPWS Failing Endpoints  TPWS Total Endpoints
    -------      -------  ---------------------  -------------------      -------      -------  ---------------------  -------------------     --------     --------  ----------------------  --------------------
      0.936        0.000                      0                 1718        0.131        0.000                      0                 1718        3.500        0.000                       0                   594


All user specified timing constraints are met.


------------------------------------------------------------------------------------------------
| Clock Summary
| -------------
------------------------------------------------------------------------------------------------

Clock                      Waveform(ns)         Period(ns)      Frequency(MHz)
-----                      ------------         ----------      --------------
clk_50mhz                  {0.000 10.000}       20.000          50.000
  clk_125mhz_unbuffered    {0.000 4.000}        8.000           125.000
  clk_feedback_unbuffered  {0.000 10.000}       20.000          50.000


------------------------------------------------------------------------------------------------
| Intra Clock Table
| -----------------
------------------------------------------------------------------------------------------------

Clock                          WNS(ns)      TNS(ns)  TNS Failing Endpoints  TNS Total Endpoints      WHS(ns)      THS(ns)  THS Failing Endpoints  THS Total Endpoints     WPWS(ns)     TPWS(ns)  TPWS Failing Endpoints  TPWS Total Endpoints
-----                          -------      -------  ---------------------  -------------------      -------      -------  ---------------------  -------------------     --------     --------  ----------------------  --------------------
clk_50mhz                                                                                                                                                                    7.000        0.000                       0                     1
  clk_125mhz_unbuffered          0.936        0.000                      0                 1718        0.131        0.000                      0                 1718        3.500        0.000                       0                   590
  clk_feedback_unbuffered                                                                                                                                                   18.408        0.000                       0                     3


------------------------------------------------------------------------------------------------
| Inter Clock Table
| -----------------
------------------------------------------------------------------------------------------------

From Clock    To Clock          WNS(ns)      TNS(ns)  TNS Failing Endpoints  TNS Total Endpoints      WHS(ns)      THS(ns)  THS Failing Endpoints  THS Total Endpoints
----------    --------          -------      -------  ---------------------  -------------------      -------      -------  ---------------------  -------------------


------------------------------------------------------------------------------------------------
| Other Path Groups Table
| -----------------------
------------------------------------------------------------------------------------------------

Path Group    From Clock    To Clock          WNS(ns)      TNS(ns)  TNS Failing Endpoints  TNS Total Endpoints      WHS(ns)      THS(ns)  THS Failing Endpoints  THS Total Endpoints
----------    ----------    --------          -------      -------  ---------------------  -------------------      -------      -------  ---------------------  -------------------


------------------------------------------------------------------------------------------------
| Timing Details
| --------------
------------------------------------------------------------------------------------------------


---------------------------------------------------------------------------------------------------
From Clock:  clk_50mhz
  To Clock:  clk_50mhz

Setup :           NA  Failing Endpoints,  Worst Slack           NA  ,  Total Violation           NA
Hold  :           NA  Failing Endpoints,  Worst Slack           NA  ,  Total Violation           NA
PW    :            0  Failing Endpoints,  Worst Slack        7.000ns,  Total Violation        0.000ns
---------------------------------------------------------------------------------------------------


Pulse Width Checks
--------------------------------------------------------------------------------------
Clock Name:         clk_50mhz
Waveform(ns):       { 0.000 10.000 }
Period(ns):         20.000
Sources:            { clk_50mhz }

Check Type        Corner  Lib Pin            Reference Pin  Required(ns)  Actual(ns)  Slack(ns)  Location  Pin
Min Period        n/a     MMCME2_ADV/CLKIN1  n/a            1.249         20.000      18.751               clock_manager/CLKIN1
Max Period        n/a     MMCME2_ADV/CLKIN1  n/a            100.000       20.000      80.000               clock_manager/CLKIN1
Low Pulse Width   Slow    MMCME2_ADV/CLKIN1  n/a            3.000         10.000      7.000                clock_manager/CLKIN1
High Pulse Width  Slow    MMCME2_ADV/CLKIN1  n/a            3.000         10.000      7.000                clock_manager/CLKIN1



---------------------------------------------------------------------------------------------------
From Clock:  clk_125mhz_unbuffered
  To Clock:  clk_125mhz_unbuffered

Setup :            0  Failing Endpoints,  Worst Slack        0.936ns,  Total Violation        0.000ns
Hold  :            0  Failing Endpoints,  Worst Slack        0.131ns,  Total Violation        0.000ns
PW    :            0  Failing Endpoints,  Worst Slack        3.500ns,  Total Violation        0.000ns
---------------------------------------------------------------------------------------------------


Max Delay Paths
--------------------------------------------------------------------------------------
Slack (MET) :             0.936ns  (required time - arrival time)
  Source:                 feed_handler/udp_parser_inst/udp_length_reg[4]/C
                            (rising edge-triggered cell FDRE clocked by clk_125mhz_unbuffered  {rise@0.000ns fall@4.000ns period=8.000ns})
  Destination:            feed_handler/message_decoder/instrument_id_reg[10]/CE
                            (rising edge-triggered cell FDRE clocked by clk_125mhz_unbuffered  {rise@0.000ns fall@4.000ns period=8.000ns})
  Path Group:             clk_125mhz_unbuffered
  Path Type:              Setup (Max at Slow Process Corner)
  Requirement:            8.000ns  (clk_125mhz_unbuffered rise@8.000ns - clk_125mhz_unbuffered rise@0.000ns)
  Data Path Delay:        6.659ns  (logic 2.389ns (35.876%)  route 4.270ns (64.124%))
  Logic Levels:           9  (CARRY4=4 LUT3=1 LUT5=2 LUT6=2)
  Clock Path Skew:        -0.145ns (DCD - SCD + CPR)
    Destination Clock Delay (DCD):    -1.544ns = ( 6.456 - 8.000 )
    Source Clock Delay      (SCD):    -1.021ns
    Clock Pessimism Removal (CPR):    0.378ns
  Clock Uncertainty:      0.095ns  ((TSJ^2 + DJ^2)^1/2) / 2 + PE
    Total System Jitter     (TSJ):    0.071ns
    Discrete Jitter          (DJ):    0.177ns
    Phase Error              (PE):    0.000ns

    Location             Delay type                Incr(ns)  Path(ns)    Netlist Resource(s)
  -------------------------------------------------------------------    -------------------
                         (clock clk_125mhz_unbuffered rise edge)
                                                      0.000     0.000 r  <hidden>
    J19                                               0.000     0.000 r  clk_50mhz
                         net (fo=0)                   0.000     0.000    clk_50mhz
    J19                  IBUF (Prop_ibuf_I_O)         1.426     1.426 r  clk_50mhz_IBUF_inst/O
                         net (fo=1, unplaced)         0.584     2.010    clk_50mhz_IBUF
                         MMCME2_ADV (Prop_mmcme2_adv_CLKIN1_CLKOUT0)
                                                     -4.342    -2.332 r  clock_manager/CLKOUT0
                         net (fo=1, unplaced)         0.646    -1.686    clk_125mhz_unbuffered
                         BUFG (Prop_bufg_I_O)         0.081    -1.605 r  clock_buffer/O
                         net (fo=588, unplaced)       0.584    -1.021    feed_handler/udp_parser_inst/CLK
                         FDRE                                         r  feed_handler/udp_parser_inst/udp_length_reg[4]/C
  -------------------------------------------------------------------    -------------------
                         FDRE (Prop_fdre_C_Q)         0.379    -0.642 r  feed_handler/udp_parser_inst/udp_length_reg[4]/Q
                         net (fo=2, unplaced)         0.829     0.187    feed_handler/udp_parser_inst/udp_length[4]
                         CARRY4 (Prop_carry4_S[3]_CO[3])
                                                      0.546     0.733 r  feed_handler/udp_parser_inst/payload_final_index_reg[4]_i_1/CO[3]
                         net (fo=1, unplaced)         0.008     0.741    feed_handler/udp_parser_inst/payload_final_index_reg[4]_i_1_n_0
                         CARRY4 (Prop_carry4_CI_CO[3])
                                                      0.100     0.841 r  feed_handler/udp_parser_inst/payload_final_index_reg[8]_i_1/CO[3]
                         net (fo=1, unplaced)         0.000     0.841    feed_handler/udp_parser_inst/payload_final_index_reg[8]_i_1_n_0
                         CARRY4 (Prop_carry4_CI_O[1])
                                                      0.269     1.110 r  feed_handler/udp_parser_inst/payload_final_index_reg[12]_i_1/O[1]
                         net (fo=4, unplaced)         0.264     1.374    feed_handler/payload_router/D[10]
                         LUT3 (Prop_lut3_I2_O)        0.245     1.619 r  feed_handler/payload_router/route_active_i_34/O
                         net (fo=1, unplaced)         0.347     1.966    feed_handler/payload_router/active_final_index[10]
                         LUT6 (Prop_lut6_I0_O)        0.105     2.071 r  feed_handler/payload_router/route_active_i_12/O
                         net (fo=1, unplaced)         0.537     2.608    feed_handler/payload_router/route_active_i_12_n_0
                         CARRY4 (Prop_carry4_DI[1]_CO[3])
                                                      0.430     3.038 f  feed_handler/payload_router/route_active_reg_i_5/CO[3]
                         net (fo=2, unplaced)         0.781     3.819    feed_handler/payload_router/route_active7
                         LUT5 (Prop_lut5_I1_O)        0.105     3.924 f  feed_handler/payload_router/route_active_i_2/O
                         net (fo=31, unplaced)        0.417     4.341    feed_handler/payload_router/payload_byte_valid
                         LUT6 (Prop_lut6_I1_O)        0.105     4.446 f  feed_handler/payload_router/message_type[7]_i_3/O
                         net (fo=105, unplaced)       0.683     5.129    feed_handler/packet_controller/price_reg[30]
                         LUT5 (Prop_lut5_I2_O)        0.105     5.234 r  feed_handler/packet_controller/instrument_id[15]_i_1/O
                         net (fo=8, unplaced)         0.404     5.638    feed_handler/message_decoder/instrument_id_reg[14]_0
                         FDRE                                         r  feed_handler/message_decoder/instrument_id_reg[10]/CE
  -------------------------------------------------------------------    -------------------

                         (clock clk_125mhz_unbuffered rise edge)
                                                      8.000     8.000 r  <hidden>
    J19                                               0.000     8.000 r  clk_50mhz
                         net (fo=0)                   0.000     8.000    clk_50mhz
    J19                  IBUF (Prop_ibuf_I_O)         1.360     9.360 r  clk_50mhz_IBUF_inst/O
                         net (fo=1, unplaced)         0.439     9.799    clk_50mhz_IBUF
                         MMCME2_ADV (Prop_mmcme2_adv_CLKIN1_CLKOUT0)
                                                     -4.472     5.327 r  clock_manager/CLKOUT0
                         net (fo=1, unplaced)         0.613     5.940    clk_125mhz_unbuffered
                         BUFG (Prop_bufg_I_O)         0.077     6.017 r  clock_buffer/O
                         net (fo=588, unplaced)       0.439     6.456    feed_handler/message_decoder/CLK
                         FDRE                                         r  feed_handler/message_decoder/instrument_id_reg[10]/C
                         clock pessimism              0.378     6.834    <hidden>
                         clock uncertainty           -0.095     6.739    <hidden>
                         FDRE (Setup_fdre_C_CE)      -0.165     6.574    feed_handler/message_decoder/instrument_id_reg[10]
  -------------------------------------------------------------------
                         required time                          6.574    <hidden>
                         arrival time                          -5.638    <hidden>
  -------------------------------------------------------------------
                         slack                                  0.936    <hidden>





Min Delay Paths
--------------------------------------------------------------------------------------
Slack (MET) :             0.131ns  (arrival time - required time)
  Source:                 startup_counter_reg[4]/C
                            (rising edge-triggered cell FDRE clocked by clk_125mhz_unbuffered  {rise@0.000ns fall@4.000ns period=8.000ns})
  Destination:            startup_counter_reg[5]/D
                            (rising edge-triggered cell FDRE clocked by clk_125mhz_unbuffered  {rise@0.000ns fall@4.000ns period=8.000ns})
  Path Group:             clk_125mhz_unbuffered
  Path Type:              Hold (Min at Fast Process Corner)
  Requirement:            0.000ns  (clk_125mhz_unbuffered rise@0.000ns - clk_125mhz_unbuffered rise@0.000ns)
  Data Path Delay:        0.367ns  (logic 0.239ns (65.133%)  route 0.128ns (34.867%))
  Logic Levels:           1  (LUT6=1)
  Clock Path Skew:        0.145ns (DCD - SCD - CPR)
    Destination Clock Delay (DCD):    -1.057ns
    Source Clock Delay      (SCD):    -0.922ns
    Clock Pessimism Removal (CPR):    -0.280ns

    Location             Delay type                Incr(ns)  Path(ns)    Netlist Resource(s)
  -------------------------------------------------------------------    -------------------
                         (clock clk_125mhz_unbuffered rise edge)
                                                      0.000     0.000 r  <hidden>
    J19                                               0.000     0.000 r  clk_50mhz
                         net (fo=0)                   0.000     0.000    clk_50mhz
    J19                  IBUF (Prop_ibuf_I_O)         0.263     0.263 r  clk_50mhz_IBUF_inst/O
                         net (fo=1, unplaced)         0.114     0.377    clk_50mhz_IBUF
                         MMCME2_ADV (Prop_mmcme2_adv_CLKIN1_CLKOUT0)
                                                     -1.759    -1.383 r  clock_manager/CLKOUT0
                         net (fo=1, unplaced)         0.320    -1.062    clk_125mhz_unbuffered
                         BUFG (Prop_bufg_I_O)         0.026    -1.036 r  clock_buffer/O
                         net (fo=588, unplaced)       0.114    -0.922    clk_125mhz
                         FDRE                                         r  startup_counter_reg[4]/C
  -------------------------------------------------------------------    -------------------
                         FDRE (Prop_fdre_C_Q)         0.141    -0.781 r  startup_counter_reg[4]/Q
                         net (fo=3, unplaced)         0.128    -0.653    startup_counter_reg[4]
                         LUT6 (Prop_lut6_I5_O)        0.098    -0.555 r  startup_counter[5]_i_2/O
                         net (fo=1, unplaced)         0.000    -0.555    p_0_in__1[5]
                         FDRE                                         r  startup_counter_reg[5]/D
  -------------------------------------------------------------------    -------------------

                         (clock clk_125mhz_unbuffered rise edge)
                                                      0.000     0.000 r  <hidden>
    J19                                               0.000     0.000 r  clk_50mhz
                         net (fo=0)                   0.000     0.000    clk_50mhz
    J19                  IBUF (Prop_ibuf_I_O)         0.451     0.451 r  clk_50mhz_IBUF_inst/O
                         net (fo=1, unplaced)         0.259     0.710    clk_50mhz_IBUF
                         MMCME2_ADV (Prop_mmcme2_adv_CLKIN1_CLKOUT0)
                                                     -2.392    -1.682 r  clock_manager/CLKOUT0
                         net (fo=1, unplaced)         0.337    -1.345    clk_125mhz_unbuffered
                         BUFG (Prop_bufg_I_O)         0.029    -1.316 r  clock_buffer/O
                         net (fo=588, unplaced)       0.259    -1.057    clk_125mhz
                         FDRE                                         r  startup_counter_reg[5]/C
                         clock pessimism              0.280    -0.777    <hidden>
                         FDRE (Hold_fdre_C_D)         0.091    -0.686    startup_counter_reg[5]
  -------------------------------------------------------------------
                         required time                          0.686    <hidden>
                         arrival time                          -0.555    <hidden>
  -------------------------------------------------------------------
                         slack                                  0.131    <hidden>





Pulse Width Checks
--------------------------------------------------------------------------------------
Clock Name:         clk_125mhz_unbuffered
Waveform(ns):       { 0.000 4.000 }
Period(ns):         8.000
Sources:            { clock_manager/CLKOUT0 }

Check Type        Corner  Lib Pin             Reference Pin  Required(ns)  Actual(ns)  Slack(ns)  Location  Pin
Min Period        n/a     BUFG/I              n/a            1.592         8.000       6.408                clock_buffer/I
Max Period        n/a     MMCME2_ADV/CLKOUT0  n/a            213.360       8.000       205.360              clock_manager/CLKOUT0
Low Pulse Width   Slow    FDRE/C              n/a            0.500         4.000       3.500                FSM_sequential_state_reg[0]/C
High Pulse Width  Slow    FDRE/C              n/a            0.500         4.000       3.500                FSM_sequential_state_reg[0]/C



---------------------------------------------------------------------------------------------------
From Clock:  clk_feedback_unbuffered
  To Clock:  clk_feedback_unbuffered

Setup :           NA  Failing Endpoints,  Worst Slack           NA  ,  Total Violation           NA
Hold  :           NA  Failing Endpoints,  Worst Slack           NA  ,  Total Violation           NA
PW    :            0  Failing Endpoints,  Worst Slack       18.408ns,  Total Violation        0.000ns
---------------------------------------------------------------------------------------------------


Pulse Width Checks
--------------------------------------------------------------------------------------
Clock Name:         clk_feedback_unbuffered
Waveform(ns):       { 0.000 10.000 }
Period(ns):         20.000
Sources:            { clock_manager/CLKFBOUT }

Check Type  Corner  Lib Pin             Reference Pin  Required(ns)  Actual(ns)  Slack(ns)  Location  Pin
Min Period  n/a     BUFG/I              n/a            1.592         20.000      18.408               feedback_buffer/I
Max Period  n/a     MMCME2_ADV/CLKFBIN  n/a            100.000       20.000      80.000               clock_manager/CLKFBIN
