Copyright 1986-2022 Xilinx, Inc. All Rights Reserved. Copyright 2022-2026 Advanced Micro Devices, Inc. All Rights Reserved.
----------------------------------------------------------------------------------------------------------------------------------------------------------------------------
| Tool Version : Vivado v.2026.1 (win64) Build 6511674 Tue Jun 16 11:02:23 MDT 2026
| Date         : Sat Aug 29 18:33:47 2026
| Host         : omitted from public report
| Command      : report_timing_summary -file reports/a7_lite/post_implementation_timing.rpt
| Design       : a7_lite_self_test_top
| Device       : 7a35t-fgg484
| Speed File   : -2  PRODUCTION 1.23 2018-06-13
| Design State : Routed
----------------------------------------------------------------------------------------------------------------------------------------------------------------------------

Timing Summary Report

------------------------------------------------------------------------------------------------
| Timer Settings
| --------------
------------------------------------------------------------------------------------------------

  Enable Multi Corner Analysis               :  Yes
  Enable Pessimism Removal                   :  Yes
  Pessimism Removal Resolution               :  Nearest Common Node
  Enable Input Delay Default Clock           :  No
  Enable Preset / Clear Arcs                 :  No
  Disable Flight Delays                      :  No
  Ignore I/O Paths                           :  No
  Timing Early Launch at Borrowing Latches   :  No
  Borrow Time for Max Delay Exceptions       :  Yes
  Merge Timing Exceptions                    :  Yes
  Inter-SLR Compensation                     :  Conservative

  Corner  Analyze    Analyze
  Name    Max Paths  Min Paths
  ------  ---------  ---------
  Slow    Yes        Yes
  Fast    Yes        Yes


------------------------------------------------------------------------------------------------
| Report Methodology
| ------------------
------------------------------------------------------------------------------------------------

No report available as report_methodology has not been run prior. Run report_methodology on the current design for the summary of methodology violations.



check_timing report

Table of Contents
-----------------
1. checking no_clock (0)
2. checking constant_clock (0)
3. checking pulse_width_clock (0)
4. checking unconstrained_internal_endpoints (0)
5. checking no_input_delay (1)
6. checking no_output_delay (2)
7. checking multiple_clock (0)
8. checking generated_clocks (0)
9. checking loops (0)
10. checking partial_input_delay (0)
11. checking partial_output_delay (0)
12. checking latch_loops (0)

1. checking no_clock (0)
------------------------
 There are 0 register/latch pins with no clock.


2. checking constant_clock (0)
------------------------------
 There are 0 register/latch pins with constant_clock.


3. checking pulse_width_clock (0)
---------------------------------
 There are 0 register/latch pins which need pulse_width check


4. checking unconstrained_internal_endpoints (0)
------------------------------------------------
 There are 0 pins that are not constrained for maximum delay.

 There are 0 pins that are not constrained for maximum delay due to constant clock.


5. checking no_input_delay (1)
------------------------------
 There is 1 input port with no input delay specified. (HIGH)

 There are 0 input ports with no input delay but user has a false path constraint.


6. checking no_output_delay (2)
-------------------------------
 There are 2 ports with no output delay specified. (HIGH)

 There are 0 ports with no output delay but user has a false path constraint

 There are 0 ports with no output delay but with a timing clock defined on it or propagating through it


7. checking multiple_clock (0)
------------------------------
 There are 0 register/latch pins with multiple clocks.


8. checking generated_clocks (0)
--------------------------------
 There are 0 generated clocks that are not connected to a clock source.


9. checking loops (0)
---------------------
 There are 0 combinational loops in the design.


10. checking partial_input_delay (0)
------------------------------------
 There are 0 input ports with partial input delay specified.


11. checking partial_output_delay (0)
-------------------------------------
 There are 0 ports with partial output delay specified.


12. checking latch_loops (0)
----------------------------
 There are 0 combinational latch loops in the design through latch input



------------------------------------------------------------------------------------------------
| Design Timing Summary
| ---------------------
------------------------------------------------------------------------------------------------

    WNS(ns)      TNS(ns)  TNS Failing Endpoints  TNS Total Endpoints      WHS(ns)      THS(ns)  THS Failing Endpoints  THS Total Endpoints     WPWS(ns)     TPWS(ns)  TPWS Failing Endpoints  TPWS Total Endpoints
    -------      -------  ---------------------  -------------------      -------      -------  ---------------------  -------------------     --------     --------  ----------------------  --------------------
      0.591        0.000                      0                 1718        0.216        0.000                      0                 1718        3.500        0.000                       0                   594


All user specified timing constraints are met.


------------------------------------------------------------------------------------------------
| Clock Summary
| -------------
------------------------------------------------------------------------------------------------

Clock                      Waveform(ns)         Period(ns)      Frequency(MHz)
-----                      ------------         ----------      --------------
clk_50mhz                  {0.000 10.000}       20.000          50.000
  clk_125mhz_unbuffered    {0.000 4.000}        8.000           125.000
  clk_feedback_unbuffered  {0.000 10.000}       20.000          50.000


------------------------------------------------------------------------------------------------
| Intra Clock Table
| -----------------
------------------------------------------------------------------------------------------------

Clock                          WNS(ns)      TNS(ns)  TNS Failing Endpoints  TNS Total Endpoints      WHS(ns)      THS(ns)  THS Failing Endpoints  THS Total Endpoints     WPWS(ns)     TPWS(ns)  TPWS Failing Endpoints  TPWS Total Endpoints
-----                          -------      -------  ---------------------  -------------------      -------      -------  ---------------------  -------------------     --------     --------  ----------------------  --------------------
clk_50mhz                                                                                                                                                                    7.000        0.000                       0                     1
  clk_125mhz_unbuffered          0.591        0.000                      0                 1718        0.216        0.000                      0                 1718        3.500        0.000                       0                   590
  clk_feedback_unbuffered                                                                                                                                                   18.408        0.000                       0                     3


------------------------------------------------------------------------------------------------
| Inter Clock Table
| -----------------
------------------------------------------------------------------------------------------------

From Clock    To Clock          WNS(ns)      TNS(ns)  TNS Failing Endpoints  TNS Total Endpoints      WHS(ns)      THS(ns)  THS Failing Endpoints  THS Total Endpoints
----------    --------          -------      -------  ---------------------  -------------------      -------      -------  ---------------------  -------------------


------------------------------------------------------------------------------------------------
| Other Path Groups Table
| -----------------------
------------------------------------------------------------------------------------------------

Path Group    From Clock    To Clock          WNS(ns)      TNS(ns)  TNS Failing Endpoints  TNS Total Endpoints      WHS(ns)      THS(ns)  THS Failing Endpoints  THS Total Endpoints
----------    ----------    --------          -------      -------  ---------------------  -------------------      -------      -------  ---------------------  -------------------


------------------------------------------------------------------------------------------------
| Timing Details
| --------------
------------------------------------------------------------------------------------------------


---------------------------------------------------------------------------------------------------
From Clock:  clk_50mhz
  To Clock:  clk_50mhz

Setup :           NA  Failing Endpoints,  Worst Slack           NA  ,  Total Violation           NA
Hold  :           NA  Failing Endpoints,  Worst Slack           NA  ,  Total Violation           NA
PW    :            0  Failing Endpoints,  Worst Slack        7.000ns,  Total Violation        0.000ns
---------------------------------------------------------------------------------------------------


Pulse Width Checks
--------------------------------------------------------------------------------------
Clock Name:         clk_50mhz
Waveform(ns):       { 0.000 10.000 }
Period(ns):         20.000
Sources:            { clk_50mhz }

Check Type        Corner  Lib Pin            Reference Pin  Required(ns)  Actual(ns)  Slack(ns)  Location         Pin
Min Period        n/a     MMCME2_ADV/CLKIN1  n/a            1.249         20.000      18.751     MMCME2_ADV_X0Y1  clock_manager/CLKIN1
Max Period        n/a     MMCME2_ADV/CLKIN1  n/a            100.000       20.000      80.000     MMCME2_ADV_X0Y1  clock_manager/CLKIN1
Low Pulse Width   Slow    MMCME2_ADV/CLKIN1  n/a            3.000         10.000      7.000      MMCME2_ADV_X0Y1  clock_manager/CLKIN1
High Pulse Width  Slow    MMCME2_ADV/CLKIN1  n/a            3.000         10.000      7.000      MMCME2_ADV_X0Y1  clock_manager/CLKIN1



---------------------------------------------------------------------------------------------------
From Clock:  clk_125mhz_unbuffered
  To Clock:  clk_125mhz_unbuffered

Setup :            0  Failing Endpoints,  Worst Slack        0.591ns,  Total Violation        0.000ns
Hold  :            0  Failing Endpoints,  Worst Slack        0.216ns,  Total Violation        0.000ns
PW    :            0  Failing Endpoints,  Worst Slack        3.500ns,  Total Violation        0.000ns
---------------------------------------------------------------------------------------------------


Max Delay Paths
--------------------------------------------------------------------------------------
Slack (MET) :             0.591ns  (required time - arrival time)
  Source:                 feed_handler/udp_parser_inst/udp_length_reg[1]/C
                            (rising edge-triggered cell FDRE clocked by clk_125mhz_unbuffered  {rise@0.000ns fall@4.000ns period=8.000ns})
  Destination:            feed_handler/message_decoder/instrument_id_reg[10]/CE
                            (rising edge-triggered cell FDRE clocked by clk_125mhz_unbuffered  {rise@0.000ns fall@4.000ns period=8.000ns})
  Path Group:             clk_125mhz_unbuffered
  Path Type:              Setup (Max at Slow Process Corner)
  Requirement:            8.000ns  (clk_125mhz_unbuffered rise@8.000ns - clk_125mhz_unbuffered rise@0.000ns)
  Data Path Delay:        7.031ns  (logic 2.571ns (36.564%)  route 4.460ns (63.436%))
  Logic Levels:           9  (CARRY4=4 LUT3=2 LUT5=2 LUT6=1)
  Clock Path Skew:        -0.114ns (DCD - SCD + CPR)
    Destination Clock Delay (DCD):    -1.006ns = ( 6.994 - 8.000 )
    Source Clock Delay      (SCD):    -0.491ns
    Clock Pessimism Removal (CPR):    0.402ns
  Clock Uncertainty:      0.095ns  ((TSJ^2 + DJ^2)^1/2) / 2 + PE
    Total System Jitter     (TSJ):    0.071ns
    Discrete Jitter          (DJ):    0.177ns
    Phase Error              (PE):    0.000ns

    Location             Delay type                Incr(ns)  Path(ns)    Netlist Resource(s)
  -------------------------------------------------------------------    -------------------
                         (clock clk_125mhz_unbuffered rise edge)
                                                      0.000     0.000 r  <hidden>
    J19                                               0.000     0.000 r  clk_50mhz
                         net (fo=0)                   0.000     0.000    clk_50mhz
    J19                  IBUF (Prop_ibuf_I_O)         1.426     1.426 r  clk_50mhz_IBUF_inst/O
                         net (fo=1, routed)           1.065     2.491    clk_50mhz_IBUF
    MMCME2_ADV_X0Y1      MMCME2_ADV (Prop_mmcme2_adv_CLKIN1_CLKOUT0)
                                                     -5.908    -3.417 r  clock_manager/CLKOUT0
                         net (fo=1, routed)           1.425    -1.992    clk_125mhz_unbuffered
    BUFGCTRL_X0Y16       BUFG (Prop_bufg_I_O)         0.081    -1.911 r  clock_buffer/O
                         net (fo=588, routed)         1.420    -0.491    feed_handler/udp_parser_inst/CLK
    SLICE_X5Y91          FDRE                                         r  feed_handler/udp_parser_inst/udp_length_reg[1]/C
  -------------------------------------------------------------------    -------------------
    SLICE_X5Y91          FDRE (Prop_fdre_C_Q)         0.379    -0.112 r  feed_handler/udp_parser_inst/udp_length_reg[1]/Q
                         net (fo=2, routed)           0.563     0.451    feed_handler/udp_parser_inst/udp_length[1]
    SLICE_X4Y87          CARRY4 (Prop_carry4_S[0]_CO[3])
                                                      0.545     0.996 r  feed_handler/udp_parser_inst/payload_final_index_reg[4]_i_1/CO[3]
                         net (fo=1, routed)           0.000     0.996    feed_handler/udp_parser_inst/payload_final_index_reg[4]_i_1_n_0
    SLICE_X4Y88          CARRY4 (Prop_carry4_CI_O[2])
                                                      0.214     1.210 r  feed_handler/udp_parser_inst/payload_final_index_reg[8]_i_1/O[2]
                         net (fo=3, routed)           0.433     1.643    feed_handler/payload_router/D[7]
    SLICE_X7Y88          LUT3 (Prop_lut3_I2_O)        0.256     1.899 r  feed_handler/payload_router/route_active_i_44/O
                         net (fo=1, routed)           0.344     2.243    feed_handler/payload_router/active_final_index[7]
    SLICE_X7Y88          LUT6 (Prop_lut6_I5_O)        0.267     2.510 r  feed_handler/payload_router/route_active_i_24/O
                         net (fo=1, routed)           0.394     2.904    feed_handler/payload_router/route_active_i_24_n_0
    SLICE_X5Y88          CARRY4 (Prop_carry4_DI[3]_CO[3])
                                                      0.318     3.222 r  feed_handler/payload_router/route_active_reg_i_9/CO[3]
                         net (fo=1, routed)           0.000     3.222    feed_handler/payload_router/route_active_reg_i_9_n_0
    SLICE_X5Y89          CARRY4 (Prop_carry4_CI_CO[3])
                                                      0.098     3.320 r  feed_handler/payload_router/route_active_reg_i_5/CO[3]
                         net (fo=2, routed)           0.617     3.937    feed_handler/payload_router/route_active7
    SLICE_X7Y87          LUT5 (Prop_lut5_I1_O)        0.105     4.042 r  feed_handler/payload_router/route_active_i_2/O
                         net (fo=31, routed)          0.930     4.972    feed_handler/packet_controller/payload_byte_valid
    SLICE_X8Y86          LUT3 (Prop_lut3_I0_O)        0.125     5.097 r  feed_handler/packet_controller/reject_valid_i_2__1/O
                         net (fo=3, routed)           0.638     5.735    feed_handler/packet_controller/reject_valid_i_2__1_n_0
    SLICE_X8Y85          LUT5 (Prop_lut5_I3_O)        0.264     5.999 r  feed_handler/packet_controller/instrument_id[15]_i_1/O
                         net (fo=8, routed)           0.542     6.540    feed_handler/message_decoder/instrument_id_reg[14]_0
    SLICE_X13Y85         FDRE                                         r  feed_handler/message_decoder/instrument_id_reg[10]/CE
  -------------------------------------------------------------------    -------------------

                         (clock clk_125mhz_unbuffered rise edge)
                                                      8.000     8.000 r  <hidden>
    J19                                               0.000     8.000 r  clk_50mhz
                         net (fo=0)                   0.000     8.000    clk_50mhz
    J19                  IBUF (Prop_ibuf_I_O)         1.360     9.360 r  clk_50mhz_IBUF_inst/O
                         net (fo=1, routed)           1.004    10.364    clk_50mhz_IBUF
    MMCME2_ADV_X0Y1      MMCME2_ADV (Prop_mmcme2_adv_CLKIN1_CLKOUT0)
                                                     -6.046     4.318 r  clock_manager/CLKOUT0
                         net (fo=1, routed)           1.357     5.675    clk_125mhz_unbuffered
    BUFGCTRL_X0Y16       BUFG (Prop_bufg_I_O)         0.077     5.752 r  clock_buffer/O
                         net (fo=588, routed)         1.241     6.994    feed_handler/message_decoder/CLK
    SLICE_X13Y85         FDRE                                         r  feed_handler/message_decoder/instrument_id_reg[10]/C
                         clock pessimism              0.402     7.395    <hidden>
                         clock uncertainty           -0.095     7.300    <hidden>
    SLICE_X13Y85         FDRE (Setup_fdre_C_CE)      -0.168     7.132    feed_handler/message_decoder/instrument_id_reg[10]
  -------------------------------------------------------------------
                         required time                          7.132    <hidden>
                         arrival time                          -6.540    <hidden>
  -------------------------------------------------------------------
                         slack                                  0.591    <hidden>





Min Delay Paths
--------------------------------------------------------------------------------------
Slack (MET) :             0.216ns  (arrival time - required time)
  Source:                 feed_handler/ipv4_parser_inst/header_valid_reg/C
                            (rising edge-triggered cell FDRE clocked by clk_125mhz_unbuffered  {rise@0.000ns fall@4.000ns period=8.000ns})
  Destination:            feed_handler/udp_parser_inst/reject_valid_reg/D
                            (rising edge-triggered cell FDRE clocked by clk_125mhz_unbuffered  {rise@0.000ns fall@4.000ns period=8.000ns})
  Path Group:             clk_125mhz_unbuffered
  Path Type:              Hold (Min at Fast Process Corner)
  Requirement:            0.000ns  (clk_125mhz_unbuffered rise@0.000ns - clk_125mhz_unbuffered rise@0.000ns)
  Data Path Delay:        0.307ns  (logic 0.227ns (73.952%)  route 0.080ns (26.048%))
  Logic Levels:           1  (LUT6=1)
  Clock Path Skew:        0.000ns (DCD - SCD - CPR)
    Destination Clock Delay (DCD):    -0.816ns
    Source Clock Delay      (SCD):    -0.579ns
    Clock Pessimism Removal (CPR):    -0.237ns

    Location             Delay type                Incr(ns)  Path(ns)    Netlist Resource(s)
  -------------------------------------------------------------------    -------------------
                         (clock clk_125mhz_unbuffered rise edge)
                                                      0.000     0.000 r  <hidden>
    J19                                               0.000     0.000 r  clk_50mhz
                         net (fo=0)                   0.000     0.000    clk_50mhz
    J19                  IBUF (Prop_ibuf_I_O)         0.263     0.263 r  clk_50mhz_IBUF_inst/O
                         net (fo=1, routed)           0.440     0.703    clk_50mhz_IBUF
    MMCME2_ADV_X0Y1      MMCME2_ADV (Prop_mmcme2_adv_CLKIN1_CLKOUT0)
                                                     -2.359    -1.656 r  clock_manager/CLKOUT0
                         net (fo=1, routed)           0.489    -1.167    clk_125mhz_unbuffered
    BUFGCTRL_X0Y16       BUFG (Prop_bufg_I_O)         0.026    -1.141 r  clock_buffer/O
                         net (fo=588, routed)         0.562    -0.579    feed_handler/ipv4_parser_inst/CLK
    SLICE_X9Y93          FDRE                                         r  feed_handler/ipv4_parser_inst/header_valid_reg/C
  -------------------------------------------------------------------    -------------------
    SLICE_X9Y93          FDRE (Prop_fdre_C_Q)         0.128    -0.451 r  feed_handler/ipv4_parser_inst/header_valid_reg/Q
                         net (fo=7, routed)           0.080    -0.371    feed_handler/ipv4_parser_inst/ipv4_header_valid
    SLICE_X9Y93          LUT6 (Prop_lut6_I3_O)        0.099    -0.272 r  feed_handler/ipv4_parser_inst/reject_valid_i_1__0/O
                         net (fo=1, routed)           0.000    -0.272    feed_handler/udp_parser_inst/reject_valid_reg_0
    SLICE_X9Y93          FDRE                                         r  feed_handler/udp_parser_inst/reject_valid_reg/D
  -------------------------------------------------------------------    -------------------

                         (clock clk_125mhz_unbuffered rise edge)
                                                      0.000     0.000 r  <hidden>
    J19                                               0.000     0.000 r  clk_50mhz
                         net (fo=0)                   0.000     0.000    clk_50mhz
    J19                  IBUF (Prop_ibuf_I_O)         0.451     0.451 r  clk_50mhz_IBUF_inst/O
                         net (fo=1, routed)           0.480     0.931    clk_50mhz_IBUF
    MMCME2_ADV_X0Y1      MMCME2_ADV (Prop_mmcme2_adv_CLKIN1_CLKOUT0)
                                                     -3.141    -2.210 r  clock_manager/CLKOUT0
                         net (fo=1, routed)           0.534    -1.677    clk_125mhz_unbuffered
    BUFGCTRL_X0Y16       BUFG (Prop_bufg_I_O)         0.029    -1.648 r  clock_buffer/O
                         net (fo=588, routed)         0.831    -0.816    feed_handler/udp_parser_inst/CLK
    SLICE_X9Y93          FDRE                                         r  feed_handler/udp_parser_inst/reject_valid_reg/C
                         clock pessimism              0.237    -0.579    <hidden>
    SLICE_X9Y93          FDRE (Hold_fdre_C_D)         0.091    -0.488    feed_handler/udp_parser_inst/reject_valid_reg
  -------------------------------------------------------------------
                         required time                          0.488    <hidden>
                         arrival time                          -0.272    <hidden>
  -------------------------------------------------------------------
                         slack                                  0.216    <hidden>





Pulse Width Checks
--------------------------------------------------------------------------------------
Clock Name:         clk_125mhz_unbuffered
Waveform(ns):       { 0.000 4.000 }
Period(ns):         8.000
Sources:            { clock_manager/CLKOUT0 }

Check Type        Corner  Lib Pin             Reference Pin  Required(ns)  Actual(ns)  Slack(ns)  Location         Pin
Min Period        n/a     BUFG/I              n/a            1.592         8.000       6.408      BUFGCTRL_X0Y16   clock_buffer/I
Max Period        n/a     MMCME2_ADV/CLKOUT0  n/a            213.360       8.000       205.360    MMCME2_ADV_X0Y1  clock_manager/CLKOUT0
Low Pulse Width   Slow    FDRE/C              n/a            0.500         4.000       3.500      SLICE_X4Y83      FSM_sequential_state_reg[0]/C
High Pulse Width  Slow    FDRE/C              n/a            0.500         4.000       3.500      SLICE_X4Y83      FSM_sequential_state_reg[0]/C



---------------------------------------------------------------------------------------------------
From Clock:  clk_feedback_unbuffered
  To Clock:  clk_feedback_unbuffered

Setup :           NA  Failing Endpoints,  Worst Slack           NA  ,  Total Violation           NA
Hold  :           NA  Failing Endpoints,  Worst Slack           NA  ,  Total Violation           NA
PW    :            0  Failing Endpoints,  Worst Slack       18.408ns,  Total Violation        0.000ns
---------------------------------------------------------------------------------------------------


Pulse Width Checks
--------------------------------------------------------------------------------------
Clock Name:         clk_feedback_unbuffered
Waveform(ns):       { 0.000 10.000 }
Period(ns):         20.000
Sources:            { clock_manager/CLKFBOUT }

Check Type  Corner  Lib Pin             Reference Pin  Required(ns)  Actual(ns)  Slack(ns)  Location         Pin
Min Period  n/a     BUFG/I              n/a            1.592         20.000      18.408     BUFGCTRL_X0Y17   feedback_buffer/I
Max Period  n/a     MMCME2_ADV/CLKFBIN  n/a            100.000       20.000      80.000     MMCME2_ADV_X0Y1  clock_manager/CLKFBIN
