Copyright 1986-2022 Xilinx, Inc. All Rights Reserved. Copyright 2022-2026 Advanced Micro Devices, Inc. All Rights Reserved.
--------------------------------------------------------------------------------------------------------------------------------------------------------------------------------
| Tool Version : Vivado v.2026.1 (win64) Build 6511674 Tue Jun 16 11:02:23 MDT 2026
| Date         : Sat Sep  5 21:08:05 2026
| Host         : omitted from public report
| Command      : report_timing_summary -file reports/a7_lite_ethernet/post_synthesis_timing.rpt
| Design       : a7_lite_ethernet_top
| Device       : 7a35t-fgg484
| Speed File   : -2  PRODUCTION 1.23 2018-06-13
| Design State : Synthesized
--------------------------------------------------------------------------------------------------------------------------------------------------------------------------------

Timing Summary Report

------------------------------------------------------------------------------------------------
| Timer Settings
| --------------
------------------------------------------------------------------------------------------------

  Enable Multi Corner Analysis               :  Yes
  Enable Pessimism Removal                   :  Yes
  Pessimism Removal Resolution               :  Nearest Common Node
  Enable Input Delay Default Clock           :  No
  Enable Preset / Clear Arcs                 :  No
  Disable Flight Delays                      :  No
  Ignore I/O Paths                           :  No
  Timing Early Launch at Borrowing Latches   :  No
  Borrow Time for Max Delay Exceptions       :  Yes
  Merge Timing Exceptions                    :  Yes
  Inter-SLR Compensation                     :  Conservative

  Corner  Analyze    Analyze
  Name    Max Paths  Min Paths
  ------  ---------  ---------
  Slow    Yes        Yes
  Fast    Yes        Yes


------------------------------------------------------------------------------------------------
| Report Methodology
| ------------------
------------------------------------------------------------------------------------------------

No report available as report_methodology has not been run prior. Run report_methodology on the current design for the summary of methodology violations.



check_timing report

Table of Contents
-----------------
1. checking no_clock (0)
2. checking constant_clock (0)
3. checking pulse_width_clock (0)
4. checking unconstrained_internal_endpoints (0)
5. checking no_input_delay (1)
6. checking no_output_delay (4)
7. checking multiple_clock (0)
8. checking generated_clocks (0)
9. checking loops (0)
10. checking partial_input_delay (0)
11. checking partial_output_delay (0)
12. checking latch_loops (0)

1. checking no_clock (0)
------------------------
 There are 0 register/latch pins with no clock.


2. checking constant_clock (0)
------------------------------
 There are 0 register/latch pins with constant_clock.


3. checking pulse_width_clock (0)
---------------------------------
 There are 0 register/latch pins which need pulse_width check


4. checking unconstrained_internal_endpoints (0)
------------------------------------------------
 There are 0 pins that are not constrained for maximum delay.

 There are 0 pins that are not constrained for maximum delay due to constant clock.


5. checking no_input_delay (1)
------------------------------
 There is 1 input port with no input delay specified. (HIGH)

 There are 0 input ports with no input delay but user has a false path constraint.


6. checking no_output_delay (4)
-------------------------------
 There are 4 ports with no output delay specified. (HIGH)

 There are 0 ports with no output delay but user has a false path constraint

 There are 0 ports with no output delay but with a timing clock defined on it or propagating through it


7. checking multiple_clock (0)
------------------------------
 There are 0 register/latch pins with multiple clocks.


8. checking generated_clocks (0)
--------------------------------
 There are 0 generated clocks that are not connected to a clock source.


9. checking loops (0)
---------------------
 There are 0 combinational loops in the design.


10. checking partial_input_delay (0)
------------------------------------
 There are 0 input ports with partial input delay specified.


11. checking partial_output_delay (0)
-------------------------------------
 There are 0 ports with partial output delay specified.


12. checking latch_loops (0)
----------------------------
 There are 0 combinational latch loops in the design through latch input



------------------------------------------------------------------------------------------------
| Design Timing Summary
| ---------------------
------------------------------------------------------------------------------------------------

    WNS(ns)      TNS(ns)  TNS Failing Endpoints  TNS Total Endpoints      WHS(ns)      THS(ns)  THS Failing Endpoints  THS Total Endpoints     WPWS(ns)     TPWS(ns)  TPWS Failing Endpoints  TPWS Total Endpoints
    -------      -------  ---------------------  -------------------      -------      -------  ---------------------  -------------------     --------     --------  ----------------------  --------------------
     -1.673       -8.283                      5                 2223        0.037        0.000                      0                 2223        2.000        0.000                       0                  1078


Timing constraints are not met.


------------------------------------------------------------------------------------------------
| Clock Summary
| -------------
------------------------------------------------------------------------------------------------

Clock                     Waveform(ns)         Period(ns)      Frequency(MHz)
-----                     ------------         ----------      --------------
clk_50mhz                 {0.000 10.000}       20.000          50.000
  tx_clock_unbuffered     {0.000 4.000}        8.000           125.000
  tx_feedback_unbuffered  {0.000 10.000}       20.000          50.000
rgmii_rx_clk              {0.000 4.000}        8.000           125.000
  rx_clock_unbuffered     {2.500 6.500}        8.000           125.000
  rx_feedback_unbuffered  {0.000 4.000}        8.000           125.000


------------------------------------------------------------------------------------------------
| Intra Clock Table
| -----------------
------------------------------------------------------------------------------------------------

Clock                         WNS(ns)      TNS(ns)  TNS Failing Endpoints  TNS Total Endpoints      WHS(ns)      THS(ns)  THS Failing Endpoints  THS Total Endpoints     WPWS(ns)     TPWS(ns)  TPWS Failing Endpoints  TPWS Total Endpoints
-----                         -------      -------  ---------------------  -------------------      -------      -------  ---------------------  -------------------     --------     --------  ----------------------  --------------------
clk_50mhz                      15.472        0.000                      0                  767        0.037        0.000                      0                  767        7.000        0.000                       0                   562
  tx_clock_unbuffered                                                                                                                                                       6.408        0.000                       0                     3
  tx_feedback_unbuffered                                                                                                                                                   18.408        0.000                       0                     3
rgmii_rx_clk                                                                                                                                                                2.000        0.000                       0                     1
  rx_clock_unbuffered           0.722        0.000                      0                 1451        0.037        0.000                      0                 1451        3.500        0.000                       0                   506
  rx_feedback_unbuffered                                                                                                                                                    6.408        0.000                       0                     3


------------------------------------------------------------------------------------------------
| Inter Clock Table
| -----------------
------------------------------------------------------------------------------------------------

From Clock           To Clock                 WNS(ns)      TNS(ns)  TNS Failing Endpoints  TNS Total Endpoints      WHS(ns)      THS(ns)  THS Failing Endpoints  THS Total Endpoints
----------           --------                 -------      -------  ---------------------  -------------------      -------      -------  ---------------------  -------------------
rgmii_rx_clk         rx_clock_unbuffered       -1.673       -8.283                      5                    5        2.331        0.000                      0                    5


------------------------------------------------------------------------------------------------
| Other Path Groups Table
| -----------------------
------------------------------------------------------------------------------------------------

Path Group    From Clock    To Clock          WNS(ns)      TNS(ns)  TNS Failing Endpoints  TNS Total Endpoints      WHS(ns)      THS(ns)  THS Failing Endpoints  THS Total Endpoints
----------    ----------    --------          -------      -------  ---------------------  -------------------      -------      -------  ---------------------  -------------------


------------------------------------------------------------------------------------------------
| Timing Details
| --------------
------------------------------------------------------------------------------------------------


---------------------------------------------------------------------------------------------------
From Clock:  clk_50mhz
  To Clock:  clk_50mhz

Setup :            0  Failing Endpoints,  Worst Slack       15.472ns,  Total Violation        0.000ns
Hold  :            0  Failing Endpoints,  Worst Slack        0.037ns,  Total Violation        0.000ns
PW    :            0  Failing Endpoints,  Worst Slack        7.000ns,  Total Violation        0.000ns
---------------------------------------------------------------------------------------------------


Max Delay Paths
--------------------------------------------------------------------------------------
Slack (MET) :             15.472ns  (required time - arrival time)
  Source:                 uart_reporter/latched_sequence_number_reg[3]/C
                            (rising edge-triggered cell FDRE clocked by clk_50mhz  {rise@0.000ns fall@10.000ns period=20.000ns})
  Destination:            uart_reporter/transmitter/shift_register_reg[4]/D
                            (rising edge-triggered cell FDRE clocked by clk_50mhz  {rise@0.000ns fall@10.000ns period=20.000ns})
  Path Group:             clk_50mhz
  Path Type:              Setup (Max at Slow Process Corner)
  Requirement:            20.000ns  (clk_50mhz rise@20.000ns - clk_50mhz rise@0.000ns)
  Data Path Delay:        4.377ns  (logic 1.241ns (28.353%)  route 3.136ns (71.647%))
  Logic Levels:           7  (LUT3=1 LUT4=1 LUT5=1 LUT6=4)
  Clock Path Skew:        -0.145ns (DCD - SCD + CPR)
    Destination Clock Delay (DCD):    2.489ns = ( 22.489 - 20.000 )
    Source Clock Delay      (SCD):    2.736ns
    Clock Pessimism Removal (CPR):    0.102ns
  Clock Uncertainty:      0.035ns  ((TSJ^2 + TIJ^2)^1/2 + DJ) / 2 + PE
    Total System Jitter     (TSJ):    0.071ns
    Total Input Jitter      (TIJ):    0.000ns
    Discrete Jitter          (DJ):    0.000ns
    Phase Error              (PE):    0.000ns

    Location             Delay type                Incr(ns)  Path(ns)    Netlist Resource(s)
  -------------------------------------------------------------------    -------------------
                         (clock clk_50mhz rise edge)
                                                      0.000     0.000 r  <hidden>
    J19                                               0.000     0.000 r  clk_50mhz
                         net (fo=0)                   0.000     0.000    clk_50mhz
    J19                  IBUF (Prop_ibuf_I_O)         1.426     1.426 r  clk_50mhz_IBUF_inst/O
                         net (fo=1, unplaced)         0.646     2.071    clk_50mhz_IBUF
                         BUFG (Prop_bufg_I_O)         0.081     2.152 r  clk_50mhz_IBUF_BUFG_inst/O
                         net (fo=561, unplaced)       0.584     2.736    uart_reporter/CLK
                         FDRE                                         r  uart_reporter/latched_sequence_number_reg[3]/C
  -------------------------------------------------------------------    -------------------
                         FDRE (Prop_fdre_C_Q)         0.379     3.115 f  uart_reporter/latched_sequence_number_reg[3]/Q
                         net (fo=1, unplaced)         0.779     3.894    uart_reporter/transmitter/shift_register[4]_i_12_0[3]
                         LUT6 (Prop_lut6_I0_O)        0.232     4.126 f  uart_reporter/transmitter/shift_register[4]_i_22/O
                         net (fo=1, unplaced)         0.347     4.473    uart_reporter/transmitter/shift_register[4]_i_22_n_0
                         LUT4 (Prop_lut4_I2_O)        0.105     4.578 f  uart_reporter/transmitter/shift_register[4]_i_12/O
                         net (fo=2, unplaced)         0.593     5.171    uart_reporter/transmitter/shift_register[4]_i_12_n_0
                         LUT3 (Prop_lut3_I0_O)        0.105     5.276 f  uart_reporter/transmitter/shift_register[1]_i_7/O
                         net (fo=3, unplaced)         0.365     5.641    uart_reporter/transmitter/shift_register[1]_i_7_n_0
                         LUT5 (Prop_lut5_I0_O)        0.105     5.746 f  uart_reporter/transmitter/shift_register[6]_i_9/O
                         net (fo=2, unplaced)         0.358     6.104    uart_reporter/transmitter/shift_register[6]_i_9_n_0
                         LUT6 (Prop_lut6_I4_O)        0.105     6.209 r  uart_reporter/transmitter/shift_register[4]_i_7/O
                         net (fo=1, unplaced)         0.347     6.556    uart_reporter/transmitter/shift_register[4]_i_7_n_0
                         LUT6 (Prop_lut6_I5_O)        0.105     6.661 f  uart_reporter/transmitter/shift_register[4]_i_3/O
                         net (fo=1, unplaced)         0.347     7.008    uart_reporter/transmitter/shift_register[4]_i_3_n_0
                         LUT6 (Prop_lut6_I2_O)        0.105     7.113 r  uart_reporter/transmitter/shift_register[4]_i_1/O
                         net (fo=1, unplaced)         0.000     7.113    uart_reporter/transmitter/p_1_in[4]
                         FDRE                                         r  uart_reporter/transmitter/shift_register_reg[4]/D
  -------------------------------------------------------------------    -------------------

                         (clock clk_50mhz rise edge)
                                                     20.000    20.000 r  <hidden>
    J19                                               0.000    20.000 r  clk_50mhz
                         net (fo=0)                   0.000    20.000    clk_50mhz
    J19                  IBUF (Prop_ibuf_I_O)         1.360    21.360 r  clk_50mhz_IBUF_inst/O
                         net (fo=1, unplaced)         0.613    21.973    clk_50mhz_IBUF
                         BUFG (Prop_bufg_I_O)         0.077    22.050 r  clk_50mhz_IBUF_BUFG_inst/O
                         net (fo=561, unplaced)       0.439    22.489    uart_reporter/transmitter/CLK
                         FDRE                                         r  uart_reporter/transmitter/shift_register_reg[4]/C
                         clock pessimism              0.102    22.591    <hidden>
                         clock uncertainty           -0.035    22.556    <hidden>
                         FDRE (Setup_fdre_C_D)        0.029    22.585    uart_reporter/transmitter/shift_register_reg[4]
  -------------------------------------------------------------------
                         required time                         22.585    <hidden>
                         arrival time                          -7.113    <hidden>
  -------------------------------------------------------------------
                         slack                                 15.472    <hidden>





Min Delay Paths
--------------------------------------------------------------------------------------
Slack (MET) :             0.037ns  (arrival time - required time)
  Source:                 message_clock_crossing/payload_sync_1_reg[0]/C
                            (rising edge-triggered cell FDRE clocked by clk_50mhz  {rise@0.000ns fall@10.000ns period=20.000ns})
  Destination:            message_clock_crossing/payload_sync_2_reg[0]/D
                            (rising edge-triggered cell FDRE clocked by clk_50mhz  {rise@0.000ns fall@10.000ns period=20.000ns})
  Path Group:             clk_50mhz
  Path Type:              Hold (Min at Fast Process Corner)
  Requirement:            0.000ns  (clk_50mhz rise@0.000ns - clk_50mhz rise@0.000ns)
  Data Path Delay:        0.220ns  (logic 0.147ns (66.849%)  route 0.073ns (33.151%))
  Logic Levels:           0
  Clock Path Skew:        0.145ns (DCD - SCD - CPR)
    Destination Clock Delay (DCD):    1.076ns
    Source Clock Delay      (SCD):    0.723ns
    Clock Pessimism Removal (CPR):    0.208ns

    Location             Delay type                Incr(ns)  Path(ns)    Netlist Resource(s)
  -------------------------------------------------------------------    -------------------
                         (clock clk_50mhz rise edge)
                                                      0.000     0.000 r  <hidden>
    J19                                               0.000     0.000 r  clk_50mhz
                         net (fo=0)                   0.000     0.000    clk_50mhz
    J19                  IBUF (Prop_ibuf_I_O)         0.263     0.263 r  clk_50mhz_IBUF_inst/O
                         net (fo=1, unplaced)         0.320     0.583    clk_50mhz_IBUF
                         BUFG (Prop_bufg_I_O)         0.026     0.609 r  clk_50mhz_IBUF_BUFG_inst/O
                         net (fo=561, unplaced)       0.114     0.723    message_clock_crossing/CLK
                         FDRE                                         r  message_clock_crossing/payload_sync_1_reg[0]/C
  -------------------------------------------------------------------    -------------------
                         FDRE (Prop_fdre_C_Q)         0.147     0.870 r  message_clock_crossing/payload_sync_1_reg[0]/Q
                         net (fo=1, unplaced)         0.073     0.943    message_clock_crossing/payload_sync_1[0]
                         FDRE                                         r  message_clock_crossing/payload_sync_2_reg[0]/D
  -------------------------------------------------------------------    -------------------

                         (clock clk_50mhz rise edge)
                                                      0.000     0.000 r  <hidden>
    J19                                               0.000     0.000 r  clk_50mhz
                         net (fo=0)                   0.000     0.000    clk_50mhz
    J19                  IBUF (Prop_ibuf_I_O)         0.451     0.451 r  clk_50mhz_IBUF_inst/O
                         net (fo=1, unplaced)         0.337     0.788    clk_50mhz_IBUF
                         BUFG (Prop_bufg_I_O)         0.029     0.817 r  clk_50mhz_IBUF_BUFG_inst/O
                         net (fo=561, unplaced)       0.259     1.076    message_clock_crossing/CLK
                         FDRE                                         r  message_clock_crossing/payload_sync_2_reg[0]/C
                         clock pessimism             -0.208     0.868    <hidden>
                         FDRE (Hold_fdre_C_D)         0.038     0.906    message_clock_crossing/payload_sync_2_reg[0]
  -------------------------------------------------------------------
                         required time                         -0.906    <hidden>
                         arrival time                           0.943    <hidden>
  -------------------------------------------------------------------
                         slack                                  0.037    <hidden>





Pulse Width Checks
--------------------------------------------------------------------------------------
Clock Name:         clk_50mhz
Waveform(ns):       { 0.000 10.000 }
Period(ns):         20.000
Sources:            { clk_50mhz }

Check Type        Corner  Lib Pin            Reference Pin  Required(ns)  Actual(ns)  Slack(ns)  Location  Pin
Min Period        n/a     BUFG/I             n/a            1.592         20.000      18.408               clk_50mhz_IBUF_BUFG_inst/I
Max Period        n/a     MMCME2_ADV/CLKIN1  n/a            100.000       20.000      80.000               tx_clock_manager/CLKIN1
Low Pulse Width   Slow    MMCME2_ADV/CLKIN1  n/a            3.000         10.000      7.000                tx_clock_manager/CLKIN1
High Pulse Width  Slow    MMCME2_ADV/CLKIN1  n/a            3.000         10.000      7.000                tx_clock_manager/CLKIN1



---------------------------------------------------------------------------------------------------
From Clock:  tx_clock_unbuffered
  To Clock:  tx_clock_unbuffered

Setup :           NA  Failing Endpoints,  Worst Slack           NA  ,  Total Violation           NA
Hold  :           NA  Failing Endpoints,  Worst Slack           NA  ,  Total Violation           NA
PW    :            0  Failing Endpoints,  Worst Slack        6.408ns,  Total Violation        0.000ns
---------------------------------------------------------------------------------------------------


Pulse Width Checks
--------------------------------------------------------------------------------------
Clock Name:         tx_clock_unbuffered
Waveform(ns):       { 0.000 4.000 }
Period(ns):         8.000
Sources:            { tx_clock_manager/CLKOUT0 }

Check Type  Corner  Lib Pin             Reference Pin  Required(ns)  Actual(ns)  Slack(ns)  Location  Pin
Min Period  n/a     BUFG/I              n/a            1.592         8.000       6.408                tx_clock_buffer/I
Max Period  n/a     MMCME2_ADV/CLKOUT0  n/a            213.360       8.000       205.360              tx_clock_manager/CLKOUT0



---------------------------------------------------------------------------------------------------
From Clock:  tx_feedback_unbuffered
  To Clock:  tx_feedback_unbuffered

Setup :           NA  Failing Endpoints,  Worst Slack           NA  ,  Total Violation           NA
Hold  :           NA  Failing Endpoints,  Worst Slack           NA  ,  Total Violation           NA
PW    :            0  Failing Endpoints,  Worst Slack       18.408ns,  Total Violation        0.000ns
---------------------------------------------------------------------------------------------------


Pulse Width Checks
--------------------------------------------------------------------------------------
Clock Name:         tx_feedback_unbuffered
Waveform(ns):       { 0.000 10.000 }
Period(ns):         20.000
Sources:            { tx_clock_manager/CLKFBOUT }

Check Type  Corner  Lib Pin             Reference Pin  Required(ns)  Actual(ns)  Slack(ns)  Location  Pin
Min Period  n/a     BUFG/I              n/a            1.592         20.000      18.408               tx_feedback_buffer/I
Max Period  n/a     MMCME2_ADV/CLKFBIN  n/a            100.000       20.000      80.000               tx_clock_manager/CLKFBIN



---------------------------------------------------------------------------------------------------
From Clock:  rgmii_rx_clk
  To Clock:  rgmii_rx_clk

Setup :           NA  Failing Endpoints,  Worst Slack           NA  ,  Total Violation           NA
Hold  :           NA  Failing Endpoints,  Worst Slack           NA  ,  Total Violation           NA
PW    :            0  Failing Endpoints,  Worst Slack        2.000ns,  Total Violation        0.000ns
---------------------------------------------------------------------------------------------------


Pulse Width Checks
--------------------------------------------------------------------------------------
Clock Name:         rgmii_rx_clk
Waveform(ns):       { 0.000 4.000 }
Period(ns):         8.000
Sources:            { eth_rx_clk }

Check Type        Corner  Lib Pin            Reference Pin  Required(ns)  Actual(ns)  Slack(ns)  Location  Pin
Min Period        n/a     MMCME2_ADV/CLKIN1  n/a            1.249         8.000       6.751                rx_clock_manager/CLKIN1
Max Period        n/a     MMCME2_ADV/CLKIN1  n/a            100.000       8.000       92.000               rx_clock_manager/CLKIN1
Low Pulse Width   Slow    MMCME2_ADV/CLKIN1  n/a            2.000         4.000       2.000                rx_clock_manager/CLKIN1
High Pulse Width  Slow    MMCME2_ADV/CLKIN1  n/a            2.000         4.000       2.000                rx_clock_manager/CLKIN1



---------------------------------------------------------------------------------------------------
From Clock:  rx_clock_unbuffered
  To Clock:  rx_clock_unbuffered

Setup :            0  Failing Endpoints,  Worst Slack        0.722ns,  Total Violation        0.000ns
Hold  :            0  Failing Endpoints,  Worst Slack        0.037ns,  Total Violation        0.000ns
PW    :            0  Failing Endpoints,  Worst Slack        3.500ns,  Total Violation        0.000ns
---------------------------------------------------------------------------------------------------


Max Delay Paths
--------------------------------------------------------------------------------------
Slack (MET) :             0.722ns  (required time - arrival time)
  Source:                 feed_handler/udp_parser_inst/udp_length_reg[4]/C
                            (rising edge-triggered cell FDRE clocked by rx_clock_unbuffered  {rise@2.500ns fall@6.500ns period=8.000ns})
  Destination:            feed_handler/message_decoder/message_type_reg[0]/CE
                            (rising edge-triggered cell FDRE clocked by rx_clock_unbuffered  {rise@2.500ns fall@6.500ns period=8.000ns})
  Path Group:             rx_clock_unbuffered
  Path Type:              Setup (Max at Slow Process Corner)
  Requirement:            8.000ns  (rx_clock_unbuffered rise@10.500ns - rx_clock_unbuffered rise@2.500ns)
  Data Path Delay:        6.899ns  (logic 2.494ns (36.150%)  route 4.405ns (63.850%))
  Logic Levels:           10  (CARRY4=4 LUT3=3 LUT5=1 LUT6=2)
  Clock Path Skew:        -0.145ns (DCD - SCD + CPR)
    Destination Clock Delay (DCD):    -1.498ns = ( 9.002 - 10.500 )
    Source Clock Delay      (SCD):    -0.975ns = ( 1.525 - 2.500 )
    Clock Pessimism Removal (CPR):    0.378ns
  Clock Uncertainty:      0.069ns  ((TSJ^2 + DJ^2)^1/2) / 2 + PE
    Total System Jitter     (TSJ):    0.071ns
    Discrete Jitter          (DJ):    0.118ns
    Phase Error              (PE):    0.000ns

    Location             Delay type                Incr(ns)  Path(ns)    Netlist Resource(s)
  -------------------------------------------------------------------    -------------------
                         (clock rx_clock_unbuffered rise edge)
                                                      2.500     2.500 r  <hidden>
    H18                                               0.000     2.500 r  eth_rx_clk
                         net (fo=0)                   0.000     2.500    eth_rx_clk
    H18                  IBUF (Prop_ibuf_I_O)         1.410     3.910 r  rx_clock_input_buffer/O
                         net (fo=1, unplaced)         0.584     4.494    rx_clock_input
                         MMCME2_ADV (Prop_mmcme2_adv_CLKIN1_CLKOUT0)
                                                     -4.342     0.153 r  rx_clock_manager/CLKOUT0
                         net (fo=1, unplaced)         0.646     0.798    rx_clock_unbuffered
                         BUFG (Prop_bufg_I_O)         0.081     0.879 r  rx_clock_buffer/O
                         net (fo=504, unplaced)       0.646     1.525    feed_handler/udp_parser_inst/rx_clock
                         FDRE                                         r  feed_handler/udp_parser_inst/udp_length_reg[4]/C
  -------------------------------------------------------------------    -------------------
                         FDRE (Prop_fdre_C_Q)         0.379     1.904 r  feed_handler/udp_parser_inst/udp_length_reg[4]/Q
                         net (fo=2, unplaced)         0.829     2.733    feed_handler/udp_parser_inst/udp_length[4]
                         CARRY4 (Prop_carry4_S[3]_CO[3])
                                                      0.546     3.279 r  feed_handler/udp_parser_inst/payload_final_index_reg[4]_i_1/CO[3]
                         net (fo=1, unplaced)         0.008     3.287    feed_handler/udp_parser_inst/payload_final_index_reg[4]_i_1_n_0
                         CARRY4 (Prop_carry4_CI_CO[3])
                                                      0.100     3.387 r  feed_handler/udp_parser_inst/payload_final_index_reg[8]_i_1/CO[3]
                         net (fo=1, unplaced)         0.000     3.387    feed_handler/udp_parser_inst/payload_final_index_reg[8]_i_1_n_0
                         CARRY4 (Prop_carry4_CI_O[1])
                                                      0.269     3.656 r  feed_handler/udp_parser_inst/payload_final_index_reg[12]_i_1/O[1]
                         net (fo=4, unplaced)         0.264     3.920    feed_handler/payload_router/D[10]
                         LUT3 (Prop_lut3_I2_O)        0.245     4.165 r  feed_handler/payload_router/route_active_i_35/O
                         net (fo=1, unplaced)         0.347     4.512    feed_handler/payload_router/active_final_index[10]
                         LUT6 (Prop_lut6_I0_O)        0.105     4.617 r  feed_handler/payload_router/route_active_i_12/O
                         net (fo=1, unplaced)         0.537     5.154    feed_handler/payload_router/route_active_i_12_n_0
                         CARRY4 (Prop_carry4_DI[1]_CO[3])
                                                      0.430     5.584 f  feed_handler/payload_router/route_active_reg_i_4/CO[3]
                         net (fo=1, unplaced)         0.770     6.354    feed_handler/payload_router/route_active7
                         LUT6 (Prop_lut6_I2_O)        0.105     6.459 f  feed_handler/payload_router/route_active_i_2/O
                         net (fo=24, unplaced)        0.411     6.870    feed_handler/payload_router/payload_byte_valid
                         LUT3 (Prop_lut3_I2_O)        0.105     6.975 f  feed_handler/payload_router/instrument_id[7]_i_5/O
                         net (fo=17, unplaced)        0.403     7.378    feed_handler/packet_controller/payload_byte_last
                         LUT3 (Prop_lut3_I1_O)        0.105     7.483 r  feed_handler/packet_controller/message_type[7]_i_4/O
                         net (fo=55, unplaced)        0.432     7.915    feed_handler/packet_controller/message_type[7]_i_4_n_0
                         LUT5 (Prop_lut5_I3_O)        0.105     8.020 r  feed_handler/packet_controller/message_type[7]_i_1/O
                         net (fo=8, unplaced)         0.404     8.424    feed_handler/message_decoder/E[0]
                         FDRE                                         r  feed_handler/message_decoder/message_type_reg[0]/CE
  -------------------------------------------------------------------    -------------------

                         (clock rx_clock_unbuffered rise edge)
                                                     10.500    10.500 r  <hidden>
    H18                                               0.000    10.500 r  eth_rx_clk
                         net (fo=0)                   0.000    10.500    eth_rx_clk
    H18                  IBUF (Prop_ibuf_I_O)         1.345    11.845 r  rx_clock_input_buffer/O
                         net (fo=1, unplaced)         0.439    12.284    rx_clock_input
                         MMCME2_ADV (Prop_mmcme2_adv_CLKIN1_CLKOUT0)
                                                     -4.472     7.811 r  rx_clock_manager/CLKOUT0
                         net (fo=1, unplaced)         0.613     8.425    rx_clock_unbuffered
                         BUFG (Prop_bufg_I_O)         0.077     8.502 r  rx_clock_buffer/O
                         net (fo=504, unplaced)       0.501     9.002    feed_handler/message_decoder/rx_clock
                         FDRE                                         r  feed_handler/message_decoder/message_type_reg[0]/C
                         clock pessimism              0.378     9.380    <hidden>
                         clock uncertainty           -0.069     9.311    <hidden>
                         FDRE (Setup_fdre_C_CE)      -0.165     9.146    feed_handler/message_decoder/message_type_reg[0]
  -------------------------------------------------------------------
                         required time                          9.146    <hidden>
                         arrival time                          -8.424    <hidden>
  -------------------------------------------------------------------
                         slack                                  0.722    <hidden>





Min Delay Paths
--------------------------------------------------------------------------------------
Slack (MET) :             0.037ns  (arrival time - required time)
  Source:                 message_clock_crossing/acknowledge_sync_1_reg/C
                            (rising edge-triggered cell FDRE clocked by rx_clock_unbuffered  {rise@2.500ns fall@6.500ns period=8.000ns})
  Destination:            message_clock_crossing/acknowledge_sync_2_reg/D
                            (rising edge-triggered cell FDRE clocked by rx_clock_unbuffered  {rise@2.500ns fall@6.500ns period=8.000ns})
  Path Group:             rx_clock_unbuffered
  Path Type:              Hold (Min at Fast Process Corner)
  Requirement:            0.000ns  (rx_clock_unbuffered rise@2.500ns - rx_clock_unbuffered rise@2.500ns)
  Data Path Delay:        0.220ns  (logic 0.147ns (66.849%)  route 0.073ns (33.151%))
  Logic Levels:           0
  Clock Path Skew:        0.145ns (DCD - SCD - CPR)
    Destination Clock Delay (DCD):    -0.995ns = ( 1.505 - 2.500 )
    Source Clock Delay      (SCD):    -0.860ns = ( 1.640 - 2.500 )
    Clock Pessimism Removal (CPR):    -0.280ns

    Location             Delay type                Incr(ns)  Path(ns)    Netlist Resource(s)
  -------------------------------------------------------------------    -------------------
                         (clock rx_clock_unbuffered rise edge)
                                                      2.500     2.500 r  <hidden>
    H18                                               0.000     2.500 r  eth_rx_clk
                         net (fo=0)                   0.000     2.500    eth_rx_clk
    H18                  IBUF (Prop_ibuf_I_O)         0.247     2.747 r  rx_clock_input_buffer/O
                         net (fo=1, unplaced)         0.114     2.861    rx_clock_input
                         MMCME2_ADV (Prop_mmcme2_adv_CLKIN1_CLKOUT0)
                                                     -1.759     1.102 r  rx_clock_manager/CLKOUT0
                         net (fo=1, unplaced)         0.320     1.422    rx_clock_unbuffered
                         BUFG (Prop_bufg_I_O)         0.026     1.448 r  rx_clock_buffer/O
                         net (fo=504, unplaced)       0.192     1.640    message_clock_crossing/source_request_toggle_reg_0
                         FDRE                                         r  message_clock_crossing/acknowledge_sync_1_reg/C
  -------------------------------------------------------------------    -------------------
                         FDRE (Prop_fdre_C_Q)         0.147     1.787 r  message_clock_crossing/acknowledge_sync_1_reg/Q
                         net (fo=1, unplaced)         0.073     1.860    message_clock_crossing/acknowledge_sync_1
                         FDRE                                         r  message_clock_crossing/acknowledge_sync_2_reg/D
  -------------------------------------------------------------------    -------------------

                         (clock rx_clock_unbuffered rise edge)
                                                      2.500     2.500 r  <hidden>
    H18                                               0.000     2.500 r  eth_rx_clk
                         net (fo=0)                   0.000     2.500    eth_rx_clk
    H18                  IBUF (Prop_ibuf_I_O)         0.435     2.935 r  rx_clock_input_buffer/O
                         net (fo=1, unplaced)         0.259     3.194    rx_clock_input
                         MMCME2_ADV (Prop_mmcme2_adv_CLKIN1_CLKOUT0)
                                                     -2.392     0.802 r  rx_clock_manager/CLKOUT0
                         net (fo=1, unplaced)         0.337     1.139    rx_clock_unbuffered
                         BUFG (Prop_bufg_I_O)         0.029     1.168 r  rx_clock_buffer/O
                         net (fo=504, unplaced)       0.337     1.505    message_clock_crossing/source_request_toggle_reg_0
                         FDRE                                         r  message_clock_crossing/acknowledge_sync_2_reg/C
                         clock pessimism              0.280     1.785    <hidden>
                         FDRE (Hold_fdre_C_D)         0.038     1.823    message_clock_crossing/acknowledge_sync_2_reg
  -------------------------------------------------------------------
                         required time                         -1.823    <hidden>
                         arrival time                           1.860    <hidden>
  -------------------------------------------------------------------
                         slack                                  0.037    <hidden>





Pulse Width Checks
--------------------------------------------------------------------------------------
Clock Name:         rx_clock_unbuffered
Waveform(ns):       { 2.500 6.500 }
Period(ns):         8.000
Sources:            { rx_clock_manager/CLKOUT0 }

Check Type        Corner  Lib Pin             Reference Pin  Required(ns)  Actual(ns)  Slack(ns)  Location  Pin
Min Period        n/a     BUFG/I              n/a            1.592         8.000       6.408                rx_clock_buffer/I
Max Period        n/a     MMCME2_ADV/CLKOUT0  n/a            213.360       8.000       205.360              rx_clock_manager/CLKOUT0
Low Pulse Width   Slow    FDPE/C              n/a            0.500         4.000       3.500                rx_reset_pipeline_reg[0]/C
High Pulse Width  Slow    FDPE/C              n/a            0.500         4.000       3.500                rx_reset_pipeline_reg[0]/C



---------------------------------------------------------------------------------------------------
From Clock:  rx_feedback_unbuffered
  To Clock:  rx_feedback_unbuffered

Setup :           NA  Failing Endpoints,  Worst Slack           NA  ,  Total Violation           NA
Hold  :           NA  Failing Endpoints,  Worst Slack           NA  ,  Total Violation           NA
PW    :            0  Failing Endpoints,  Worst Slack        6.408ns,  Total Violation        0.000ns
---------------------------------------------------------------------------------------------------


Pulse Width Checks
--------------------------------------------------------------------------------------
Clock Name:         rx_feedback_unbuffered
Waveform(ns):       { 0.000 4.000 }
Period(ns):         8.000
Sources:            { rx_clock_manager/CLKFBOUT }

Check Type  Corner  Lib Pin             Reference Pin  Required(ns)  Actual(ns)  Slack(ns)  Location  Pin
Min Period  n/a     BUFG/I              n/a            1.592         8.000       6.408                rx_feedback_buffer/I
Max Period  n/a     MMCME2_ADV/CLKFBIN  n/a            100.000       8.000       92.000               rx_clock_manager/CLKFBIN



---------------------------------------------------------------------------------------------------
From Clock:  rgmii_rx_clk
  To Clock:  rx_clock_unbuffered

Setup :            5  Failing Endpoints,  Worst Slack       -1.673ns,  Total Violation       -8.283ns
Hold  :            0  Failing Endpoints,  Worst Slack        2.331ns,  Total Violation        0.000ns
---------------------------------------------------------------------------------------------------


Max Delay Paths
--------------------------------------------------------------------------------------
Slack (VIOLATED) :        -1.673ns  (required time - arrival time)
  Source:                 eth_rxd[1]
                            (input port clocked by rgmii_rx_clk  {rise@0.000ns fall@4.000ns period=8.000ns})
  Destination:            receiver/generate_data_iddr[1].data_iddr/D
                            (rising edge-triggered cell IDDR clocked by rx_clock_unbuffered  {rise@2.500ns fall@6.500ns period=8.000ns})
  Path Group:             rx_clock_unbuffered
  Path Type:              Setup (Max at Slow Process Corner)
  Requirement:            2.500ns  (rx_clock_unbuffered rise@2.500ns - rgmii_rx_clk rise@0.000ns)
  Data Path Delay:        2.110ns  (logic 1.431ns (67.821%)  route 0.679ns (32.179%))
  Logic Levels:           1  (IBUF=1)
  Input Delay:            0.500ns
  Clock Path Skew:        -1.385ns (DCD - SCD + CPR)
    Destination Clock Delay (DCD):    -1.385ns = ( 1.115 - 2.500 )
    Source Clock Delay      (SCD):    0.000ns
    Clock Pessimism Removal (CPR):    0.000ns
  Clock Uncertainty:      0.166ns  ((TSJ^2 + DJ^2)^1/2) / 2 + PE
    Total System Jitter     (TSJ):    0.071ns
    Discrete Jitter          (DJ):    0.118ns
    Phase Error              (PE):    0.097ns

    Location             Delay type                Incr(ns)  Path(ns)    Netlist Resource(s)
  -------------------------------------------------------------------    -------------------
                         (clock rgmii_rx_clk rise edge)
                                                      0.000     0.000 r  <hidden>
                         input delay                  0.500     0.500    <hidden>
    K16                                               0.000     0.500 r  eth_rxd[1]
                         net (fo=0)                   0.000     0.500    eth_rxd[1]
    K16                  IBUF (Prop_ibuf_I_O)         1.431     1.931 r  eth_rxd_IBUF[1]_inst/O
                         net (fo=1, estimated)        0.679     2.610    receiver/eth_rxd_IBUF[1]
    ILOGIC_X0Y53         IDDR                                         r  receiver/generate_data_iddr[1].data_iddr/D
  -------------------------------------------------------------------    -------------------

                         (clock rx_clock_unbuffered rise edge)
                                                      2.500     2.500 r  <hidden>
    H18                                               0.000     2.500 r  eth_rx_clk
                         net (fo=0)                   0.000     2.500    eth_rx_clk
    H18                  IBUF (Prop_ibuf_I_O)         1.345     3.845 r  rx_clock_input_buffer/O
                         net (fo=1, unplaced)         0.439     4.284    rx_clock_input
                         MMCME2_ADV (Prop_mmcme2_adv_CLKIN1_CLKOUT0)
                                                     -4.472    -0.189 r  rx_clock_manager/CLKOUT0
                         net (fo=1, unplaced)         0.613     0.425    rx_clock_unbuffered
                         BUFG (Prop_bufg_I_O)         0.077     0.502 r  rx_clock_buffer/O
                         net (fo=504, unplaced)       0.613     1.115    receiver/control_iddr_1
    ILOGIC_X0Y53         IDDR                                         r  receiver/generate_data_iddr[1].data_iddr/C
                         clock pessimism              0.000     1.115    <hidden>
                         clock uncertainty           -0.166     0.949    <hidden>
    ILOGIC_X0Y53         IDDR (Setup_iddr_C_D)       -0.012     0.937    receiver/generate_data_iddr[1].data_iddr
  -------------------------------------------------------------------
                         required time                          0.937    <hidden>
                         arrival time                          -2.610    <hidden>
  -------------------------------------------------------------------
                         slack                                 -1.673    <hidden>





Min Delay Paths
--------------------------------------------------------------------------------------
Slack (MET) :             2.331ns  (arrival time - required time)
  Source:                 eth_rxd[3]
                            (input port clocked by rgmii_rx_clk  {rise@0.000ns fall@4.000ns period=8.000ns})
  Destination:            receiver/generate_data_iddr[3].data_iddr/D
                            (rising edge-triggered cell IDDR clocked by rx_clock_unbuffered  {rise@2.500ns fall@6.500ns period=8.000ns})
  Path Group:             rx_clock_unbuffered
  Path Type:              Hold (Min at Fast Process Corner)
  Requirement:            -1.500ns  (rx_clock_unbuffered rise@2.500ns - rgmii_rx_clk fall@4.000ns)
  Data Path Delay:        0.570ns  (logic 0.233ns (40.930%)  route 0.337ns (59.070%))
  Logic Levels:           1  (IBUF=1)
  Input Delay:            -0.500ns
  Clock Path Skew:        -0.995ns (DCD - SCD - CPR)
    Destination Clock Delay (DCD):    -0.995ns = ( 1.505 - 2.500 )
    Source Clock Delay      (SCD):    0.000ns = ( 4.000 - 4.000 )
    Clock Pessimism Removal (CPR):    -0.000ns
  Clock Uncertainty:      0.166ns  ((TSJ^2 + DJ^2)^1/2) / 2 + PE
    Total System Jitter     (TSJ):    0.071ns
    Discrete Jitter          (DJ):    0.118ns
    Phase Error              (PE):    0.097ns

    Location             Delay type                Incr(ns)  Path(ns)    Netlist Resource(s)
  -------------------------------------------------------------------    -------------------
                         (clock rgmii_rx_clk fall edge)
                                                      4.000     4.000 f  <hidden>
                         input delay                 -0.500     3.500    <hidden>
    M15                                               0.000     3.500 r  eth_rxd[3]
                         net (fo=0)                   0.000     3.500    eth_rxd[3]
    M15                  IBUF (Prop_ibuf_I_O)         0.233     3.733 r  eth_rxd_IBUF[3]_inst/O
                         net (fo=1, estimated)        0.337     4.070    receiver/eth_rxd_IBUF[3]
    ILOGIC_X0Y52         IDDR                                         r  receiver/generate_data_iddr[3].data_iddr/D
  -------------------------------------------------------------------    -------------------

                         (clock rx_clock_unbuffered rise edge)
                                                      2.500     2.500 r  <hidden>
    H18                                               0.000     2.500 r  eth_rx_clk
                         net (fo=0)                   0.000     2.500    eth_rx_clk
    H18                  IBUF (Prop_ibuf_I_O)         0.435     2.935 r  rx_clock_input_buffer/O
                         net (fo=1, unplaced)         0.259     3.194    rx_clock_input
                         MMCME2_ADV (Prop_mmcme2_adv_CLKIN1_CLKOUT0)
                                                     -2.392     0.802 r  rx_clock_manager/CLKOUT0
                         net (fo=1, unplaced)         0.337     1.139    rx_clock_unbuffered
                         BUFG (Prop_bufg_I_O)         0.029     1.168 r  rx_clock_buffer/O
                         net (fo=504, unplaced)       0.337     1.505    receiver/control_iddr_1
    ILOGIC_X0Y52         IDDR                                         r  receiver/generate_data_iddr[3].data_iddr/C
                         clock pessimism              0.000     1.505    <hidden>
                         clock uncertainty            0.166     1.671    <hidden>
    ILOGIC_X0Y52         IDDR (Hold_iddr_C_D)         0.068     1.739    receiver/generate_data_iddr[3].data_iddr
  -------------------------------------------------------------------
                         required time                         -1.739    <hidden>
                         arrival time                           4.070    <hidden>
  -------------------------------------------------------------------
                         slack                                  2.331    <hidden>
