Copyright 1986-2022 Xilinx, Inc. All Rights Reserved. Copyright 2022-2026 Advanced Micro Devices, Inc. All Rights Reserved.
-------------------------------------------------------------------------------------------------------------------------------------------------------------------------------------
| Tool Version : Vivado v.2026.1 (win64) Build 6511674 Tue Jun 16 11:02:23 MDT 2026
| Date         : Sat Sep  5 21:11:07 2026
| Host         : omitted from public report
| Command      : report_timing_summary -file reports/a7_lite_ethernet/post_implementation_timing.rpt
| Design       : a7_lite_ethernet_top
| Device       : 7a35t-fgg484
| Speed File   : -2  PRODUCTION 1.23 2018-06-13
| Design State : Routed
-------------------------------------------------------------------------------------------------------------------------------------------------------------------------------------

Timing Summary Report

------------------------------------------------------------------------------------------------
| Timer Settings
| --------------
------------------------------------------------------------------------------------------------

  Enable Multi Corner Analysis               :  Yes
  Enable Pessimism Removal                   :  Yes
  Pessimism Removal Resolution               :  Nearest Common Node
  Enable Input Delay Default Clock           :  No
  Enable Preset / Clear Arcs                 :  No
  Disable Flight Delays                      :  No
  Ignore I/O Paths                           :  No
  Timing Early Launch at Borrowing Latches   :  No
  Borrow Time for Max Delay Exceptions       :  Yes
  Merge Timing Exceptions                    :  Yes
  Inter-SLR Compensation                     :  Conservative

  Corner  Analyze    Analyze
  Name    Max Paths  Min Paths
  ------  ---------  ---------
  Slow    Yes        Yes
  Fast    Yes        Yes


------------------------------------------------------------------------------------------------
| Report Methodology
| ------------------
------------------------------------------------------------------------------------------------

Rule       Severity  Description                    Violations
---------  --------  -----------------------------  ----------
TIMING-9   Warning   Unknown CDC Logic              1
TIMING-18  Warning   Missing input or output delay  4

Note: This report is based on the most recent report_methodology run and may not be up-to-date. Run report_methodology on the current design for the latest report.



check_timing report

Table of Contents
-----------------
1. checking no_clock (0)
2. checking constant_clock (0)
3. checking pulse_width_clock (0)
4. checking unconstrained_internal_endpoints (0)
5. checking no_input_delay (1)
6. checking no_output_delay (4)
7. checking multiple_clock (0)
8. checking generated_clocks (0)
9. checking loops (0)
10. checking partial_input_delay (0)
11. checking partial_output_delay (0)
12. checking latch_loops (0)

1. checking no_clock (0)
------------------------
 There are 0 register/latch pins with no clock.


2. checking constant_clock (0)
------------------------------
 There are 0 register/latch pins with constant_clock.


3. checking pulse_width_clock (0)
---------------------------------
 There are 0 register/latch pins which need pulse_width check


4. checking unconstrained_internal_endpoints (0)
------------------------------------------------
 There are 0 pins that are not constrained for maximum delay.

 There are 0 pins that are not constrained for maximum delay due to constant clock.


5. checking no_input_delay (1)
------------------------------
 There is 1 input port with no input delay specified. (HIGH)

 There are 0 input ports with no input delay but user has a false path constraint.


6. checking no_output_delay (4)
-------------------------------
 There are 4 ports with no output delay specified. (HIGH)

 There are 0 ports with no output delay but user has a false path constraint

 There are 0 ports with no output delay but with a timing clock defined on it or propagating through it


7. checking multiple_clock (0)
------------------------------
 There are 0 register/latch pins with multiple clocks.


8. checking generated_clocks (0)
--------------------------------
 There are 0 generated clocks that are not connected to a clock source.


9. checking loops (0)
---------------------
 There are 0 combinational loops in the design.


10. checking partial_input_delay (0)
------------------------------------
 There are 0 input ports with partial input delay specified.


11. checking partial_output_delay (0)
-------------------------------------
 There are 0 ports with partial output delay specified.


12. checking latch_loops (0)
----------------------------
 There are 0 combinational latch loops in the design through latch input



------------------------------------------------------------------------------------------------
| Design Timing Summary
| ---------------------
------------------------------------------------------------------------------------------------

    WNS(ns)      TNS(ns)  TNS Failing Endpoints  TNS Total Endpoints      WHS(ns)      THS(ns)  THS Failing Endpoints  THS Total Endpoints     WPWS(ns)     TPWS(ns)  TPWS Failing Endpoints  TPWS Total Endpoints
    -------      -------  ---------------------  -------------------      -------      -------  ---------------------  -------------------     --------     --------  ----------------------  --------------------
      0.096        0.000                      0                 2224        0.078        0.000                      0                 2224        2.000        0.000                       0                  1079


All user specified timing constraints are met.


------------------------------------------------------------------------------------------------
| Clock Summary
| -------------
------------------------------------------------------------------------------------------------

Clock                     Waveform(ns)         Period(ns)      Frequency(MHz)
-----                     ------------         ----------      --------------
clk_50mhz                 {0.000 10.000}       20.000          50.000
  tx_clock_unbuffered     {0.000 4.000}        8.000           125.000
  tx_feedback_unbuffered  {0.000 10.000}       20.000          50.000
rgmii_rx_clk              {0.000 4.000}        8.000           125.000
  rx_clock_unbuffered     {2.500 6.500}        8.000           125.000
  rx_feedback_unbuffered  {0.000 4.000}        8.000           125.000


------------------------------------------------------------------------------------------------
| Intra Clock Table
| -----------------
------------------------------------------------------------------------------------------------

Clock                         WNS(ns)      TNS(ns)  TNS Failing Endpoints  TNS Total Endpoints      WHS(ns)      THS(ns)  THS Failing Endpoints  THS Total Endpoints     WPWS(ns)     TPWS(ns)  TPWS Failing Endpoints  TPWS Total Endpoints
-----                         -------      -------  ---------------------  -------------------      -------      -------  ---------------------  -------------------     --------     --------  ----------------------  --------------------
clk_50mhz                      12.252        0.000                      0                  768        0.084        0.000                      0                  768        7.000        0.000                       0                   563
  tx_clock_unbuffered                                                                                                                                                       6.408        0.000                       0                     3
  tx_feedback_unbuffered                                                                                                                                                   18.408        0.000                       0                     3
rgmii_rx_clk                                                                                                                                                                2.000        0.000                       0                     1
  rx_clock_unbuffered           0.306        0.000                      0                 1451        0.078        0.000                      0                 1451        3.500        0.000                       0                   506
  rx_feedback_unbuffered                                                                                                                                                    6.408        0.000                       0                     3


------------------------------------------------------------------------------------------------
| Inter Clock Table
| -----------------
------------------------------------------------------------------------------------------------

From Clock           To Clock                 WNS(ns)      TNS(ns)  TNS Failing Endpoints  TNS Total Endpoints      WHS(ns)      THS(ns)  THS Failing Endpoints  THS Total Endpoints
----------           --------                 -------      -------  ---------------------  -------------------      -------      -------  ---------------------  -------------------
rgmii_rx_clk         rx_clock_unbuffered        0.096        0.000                      0                    5        1.171        0.000                      0                    5


------------------------------------------------------------------------------------------------
| Other Path Groups Table
| -----------------------
------------------------------------------------------------------------------------------------

Path Group    From Clock    To Clock          WNS(ns)      TNS(ns)  TNS Failing Endpoints  TNS Total Endpoints      WHS(ns)      THS(ns)  THS Failing Endpoints  THS Total Endpoints
----------    ----------    --------          -------      -------  ---------------------  -------------------      -------      -------  ---------------------  -------------------


------------------------------------------------------------------------------------------------
| Timing Details
| --------------
------------------------------------------------------------------------------------------------


---------------------------------------------------------------------------------------------------
From Clock:  clk_50mhz
  To Clock:  clk_50mhz

Setup :            0  Failing Endpoints,  Worst Slack       12.252ns,  Total Violation        0.000ns
Hold  :            0  Failing Endpoints,  Worst Slack        0.084ns,  Total Violation        0.000ns
PW    :            0  Failing Endpoints,  Worst Slack        7.000ns,  Total Violation        0.000ns
---------------------------------------------------------------------------------------------------


Max Delay Paths
--------------------------------------------------------------------------------------
Slack (MET) :             12.252ns  (required time - arrival time)
  Source:                 uart_reporter/character_index_reg[1]/C
                            (rising edge-triggered cell FDRE clocked by clk_50mhz  {rise@0.000ns fall@10.000ns period=20.000ns})
  Destination:            uart_reporter/transmitter/shift_register_reg[4]/D
                            (rising edge-triggered cell FDRE clocked by clk_50mhz  {rise@0.000ns fall@10.000ns period=20.000ns})
  Path Group:             clk_50mhz
  Path Type:              Setup (Max at Slow Process Corner)
  Requirement:            20.000ns  (clk_50mhz rise@20.000ns - clk_50mhz rise@0.000ns)
  Data Path Delay:        7.759ns  (logic 1.347ns (17.360%)  route 6.412ns (82.640%))
  Logic Levels:           7  (LUT3=1 LUT4=1 LUT5=1 LUT6=4)
  Clock Path Skew:        -0.028ns (DCD - SCD + CPR)
    Destination Clock Delay (DCD):    4.305ns = ( 24.305 - 20.000 )
    Source Clock Delay      (SCD):    4.576ns
    Clock Pessimism Removal (CPR):    0.243ns
  Clock Uncertainty:      0.035ns  ((TSJ^2 + TIJ^2)^1/2 + DJ) / 2 + PE
    Total System Jitter     (TSJ):    0.071ns
    Total Input Jitter      (TIJ):    0.000ns
    Discrete Jitter          (DJ):    0.000ns
    Phase Error              (PE):    0.000ns

    Location             Delay type                Incr(ns)  Path(ns)    Netlist Resource(s)
  -------------------------------------------------------------------    -------------------
                         (clock clk_50mhz rise edge)
                                                      0.000     0.000 r  <hidden>
    J19                                               0.000     0.000 r  clk_50mhz
                         net (fo=0)                   0.000     0.000    clk_50mhz
    J19                  IBUF (Prop_ibuf_I_O)         1.426     1.426 r  clk_50mhz_IBUF_inst/O
                         net (fo=1, routed)           1.693     3.119    clk_50mhz_IBUF
    BUFGCTRL_X0Y16       BUFG (Prop_bufg_I_O)         0.081     3.200 r  clk_50mhz_IBUF_BUFG_inst/O
                         net (fo=562, routed)         1.376     4.576    uart_reporter/CLK
    SLICE_X14Y46         FDRE                                         r  uart_reporter/character_index_reg[1]/C
  -------------------------------------------------------------------    -------------------
    SLICE_X14Y46         FDRE (Prop_fdre_C_Q)         0.433     5.009 r  uart_reporter/character_index_reg[1]/Q
                         net (fo=68, routed)          2.534     7.542    uart_reporter/transmitter/Q[1]
    SLICE_X3Y41          LUT6 (Prop_lut6_I2_O)        0.105     7.647 f  uart_reporter/transmitter/shift_register[3]_i_22/O
                         net (fo=1, routed)           0.701     8.348    uart_reporter/transmitter/shift_register[3]_i_22_n_0
    SLICE_X6Y41          LUT4 (Prop_lut4_I1_O)        0.105     8.453 r  uart_reporter/transmitter/shift_register[3]_i_16/O
                         net (fo=2, routed)           0.919     9.372    uart_reporter/transmitter/shift_register[3]_i_16_n_0
    SLICE_X12Y42         LUT3 (Prop_lut3_I2_O)        0.105     9.477 f  uart_reporter/transmitter/shift_register[1]_i_7/O
                         net (fo=3, routed)           0.495     9.972    uart_reporter/transmitter/shift_register[1]_i_7_n_0
    SLICE_X12Y44         LUT5 (Prop_lut5_I0_O)        0.106    10.078 f  uart_reporter/transmitter/shift_register[6]_i_9/O
                         net (fo=2, routed)           0.536    10.614    uart_reporter/transmitter/shift_register[6]_i_9_n_0
    SLICE_X12Y45         LUT6 (Prop_lut6_I4_O)        0.283    10.897 r  uart_reporter/transmitter/shift_register[4]_i_7/O
                         net (fo=1, routed)           0.762    11.660    uart_reporter/transmitter/shift_register[4]_i_7_n_0
    SLICE_X12Y42         LUT6 (Prop_lut6_I5_O)        0.105    11.765 f  uart_reporter/transmitter/shift_register[4]_i_3/O
                         net (fo=1, routed)           0.465    12.230    uart_reporter/transmitter/shift_register[4]_i_3_n_0
    SLICE_X14Y45         LUT6 (Prop_lut6_I2_O)        0.105    12.335 r  uart_reporter/transmitter/shift_register[4]_i_1/O
                         net (fo=1, routed)           0.000    12.335    uart_reporter/transmitter/p_1_in[4]
    SLICE_X14Y45         FDRE                                         r  uart_reporter/transmitter/shift_register_reg[4]/D
  -------------------------------------------------------------------    -------------------

                         (clock clk_50mhz rise edge)
                                                     20.000    20.000 r  <hidden>
    J19                                               0.000    20.000 r  clk_50mhz
                         net (fo=0)                   0.000    20.000    clk_50mhz
    J19                  IBUF (Prop_ibuf_I_O)         1.360    21.360 r  clk_50mhz_IBUF_inst/O
                         net (fo=1, routed)           1.604    22.964    clk_50mhz_IBUF
    BUFGCTRL_X0Y16       BUFG (Prop_bufg_I_O)         0.077    23.041 r  clk_50mhz_IBUF_BUFG_inst/O
                         net (fo=562, routed)         1.264    24.305    uart_reporter/transmitter/CLK
    SLICE_X14Y45         FDRE                                         r  uart_reporter/transmitter/shift_register_reg[4]/C
                         clock pessimism              0.243    24.548    <hidden>
                         clock uncertainty           -0.035    24.512    <hidden>
    SLICE_X14Y45         FDRE (Setup_fdre_C_D)        0.074    24.586    uart_reporter/transmitter/shift_register_reg[4]
  -------------------------------------------------------------------
                         required time                         24.586    <hidden>
                         arrival time                         -12.335    <hidden>
  -------------------------------------------------------------------
                         slack                                 12.252    <hidden>





Min Delay Paths
--------------------------------------------------------------------------------------
Slack (MET) :             0.084ns  (arrival time - required time)
  Source:                 message_clock_crossing/payload_sync_2_reg[64]/C
                            (rising edge-triggered cell FDRE clocked by clk_50mhz  {rise@0.000ns fall@10.000ns period=20.000ns})
  Destination:            message_clock_crossing/destination_instrument_id_reg[0]/D
                            (rising edge-triggered cell FDRE clocked by clk_50mhz  {rise@0.000ns fall@10.000ns period=20.000ns})
  Path Group:             clk_50mhz
  Path Type:              Hold (Min at Fast Process Corner)
  Requirement:            0.000ns  (clk_50mhz rise@0.000ns - clk_50mhz rise@0.000ns)
  Data Path Delay:        0.365ns  (logic 0.148ns (40.499%)  route 0.217ns (59.501%))
  Logic Levels:           0
  Clock Path Skew:        0.276ns (DCD - SCD - CPR)
    Destination Clock Delay (DCD):    2.007ns
    Source Clock Delay      (SCD):    1.485ns
    Clock Pessimism Removal (CPR):    0.246ns

    Location             Delay type                Incr(ns)  Path(ns)    Netlist Resource(s)
  -------------------------------------------------------------------    -------------------
                         (clock clk_50mhz rise edge)
                                                      0.000     0.000 r  <hidden>
    J19                                               0.000     0.000 r  clk_50mhz
                         net (fo=0)                   0.000     0.000    clk_50mhz
    J19                  IBUF (Prop_ibuf_I_O)         0.263     0.263 r  clk_50mhz_IBUF_inst/O
                         net (fo=1, routed)           0.634     0.897    clk_50mhz_IBUF
    BUFGCTRL_X0Y16       BUFG (Prop_bufg_I_O)         0.026     0.923 r  clk_50mhz_IBUF_BUFG_inst/O
                         net (fo=562, routed)         0.563     1.485    message_clock_crossing/CLK
    SLICE_X12Y50         FDRE                                         r  message_clock_crossing/payload_sync_2_reg[64]/C
  -------------------------------------------------------------------    -------------------
    SLICE_X12Y50         FDRE (Prop_fdre_C_Q)         0.148     1.633 r  message_clock_crossing/payload_sync_2_reg[64]/Q
                         net (fo=1, routed)           0.217     1.851    message_clock_crossing/payload_sync_2[64]
    SLICE_X14Y48         FDRE                                         r  message_clock_crossing/destination_instrument_id_reg[0]/D
  -------------------------------------------------------------------    -------------------

                         (clock clk_50mhz rise edge)
                                                      0.000     0.000 r  <hidden>
    J19                                               0.000     0.000 r  clk_50mhz
                         net (fo=0)                   0.000     0.000    clk_50mhz
    J19                  IBUF (Prop_ibuf_I_O)         0.451     0.451 r  clk_50mhz_IBUF_inst/O
                         net (fo=1, routed)           0.689     1.139    clk_50mhz_IBUF
    BUFGCTRL_X0Y16       BUFG (Prop_bufg_I_O)         0.029     1.168 r  clk_50mhz_IBUF_BUFG_inst/O
                         net (fo=562, routed)         0.839     2.007    message_clock_crossing/CLK
    SLICE_X14Y48         FDRE                                         r  message_clock_crossing/destination_instrument_id_reg[0]/C
                         clock pessimism             -0.246     1.761    <hidden>
    SLICE_X14Y48         FDRE (Hold_fdre_C_D)         0.006     1.767    message_clock_crossing/destination_instrument_id_reg[0]
  -------------------------------------------------------------------
                         required time                         -1.767    <hidden>
                         arrival time                           1.851    <hidden>
  -------------------------------------------------------------------
                         slack                                  0.084    <hidden>





Pulse Width Checks
--------------------------------------------------------------------------------------
Clock Name:         clk_50mhz
Waveform(ns):       { 0.000 10.000 }
Period(ns):         20.000
Sources:            { clk_50mhz }

Check Type        Corner  Lib Pin            Reference Pin  Required(ns)  Actual(ns)  Slack(ns)  Location         Pin
Min Period        n/a     BUFG/I             n/a            1.592         20.000      18.408     BUFGCTRL_X0Y16   clk_50mhz_IBUF_BUFG_inst/I
Max Period        n/a     MMCME2_ADV/CLKIN1  n/a            100.000       20.000      80.000     MMCME2_ADV_X1Y0  tx_clock_manager/CLKIN1
Low Pulse Width   Slow    MMCME2_ADV/CLKIN1  n/a            3.000         10.000      7.000      MMCME2_ADV_X1Y0  tx_clock_manager/CLKIN1
High Pulse Width  Slow    MMCME2_ADV/CLKIN1  n/a            3.000         10.000      7.000      MMCME2_ADV_X1Y0  tx_clock_manager/CLKIN1



---------------------------------------------------------------------------------------------------
From Clock:  tx_clock_unbuffered
  To Clock:  tx_clock_unbuffered

Setup :           NA  Failing Endpoints,  Worst Slack           NA  ,  Total Violation           NA
Hold  :           NA  Failing Endpoints,  Worst Slack           NA  ,  Total Violation           NA
PW    :            0  Failing Endpoints,  Worst Slack        6.408ns,  Total Violation        0.000ns
---------------------------------------------------------------------------------------------------


Pulse Width Checks
--------------------------------------------------------------------------------------
Clock Name:         tx_clock_unbuffered
Waveform(ns):       { 0.000 4.000 }
Period(ns):         8.000
Sources:            { tx_clock_manager/CLKOUT0 }

Check Type  Corner  Lib Pin             Reference Pin  Required(ns)  Actual(ns)  Slack(ns)  Location         Pin
Min Period  n/a     BUFG/I              n/a            1.592         8.000       6.408      BUFGCTRL_X0Y1    tx_clock_buffer/I
Max Period  n/a     MMCME2_ADV/CLKOUT0  n/a            213.360       8.000       205.360    MMCME2_ADV_X1Y0  tx_clock_manager/CLKOUT0



---------------------------------------------------------------------------------------------------
From Clock:  tx_feedback_unbuffered
  To Clock:  tx_feedback_unbuffered

Setup :           NA  Failing Endpoints,  Worst Slack           NA  ,  Total Violation           NA
Hold  :           NA  Failing Endpoints,  Worst Slack           NA  ,  Total Violation           NA
PW    :            0  Failing Endpoints,  Worst Slack       18.408ns,  Total Violation        0.000ns
---------------------------------------------------------------------------------------------------


Pulse Width Checks
--------------------------------------------------------------------------------------
Clock Name:         tx_feedback_unbuffered
Waveform(ns):       { 0.000 10.000 }
Period(ns):         20.000
Sources:            { tx_clock_manager/CLKFBOUT }

Check Type  Corner  Lib Pin             Reference Pin  Required(ns)  Actual(ns)  Slack(ns)  Location         Pin
Min Period  n/a     BUFG/I              n/a            1.592         20.000      18.408     BUFGCTRL_X0Y3    tx_feedback_buffer/I
Max Period  n/a     MMCME2_ADV/CLKFBIN  n/a            100.000       20.000      80.000     MMCME2_ADV_X1Y0  tx_clock_manager/CLKFBIN



---------------------------------------------------------------------------------------------------
From Clock:  rgmii_rx_clk
  To Clock:  rgmii_rx_clk

Setup :           NA  Failing Endpoints,  Worst Slack           NA  ,  Total Violation           NA
Hold  :           NA  Failing Endpoints,  Worst Slack           NA  ,  Total Violation           NA
PW    :            0  Failing Endpoints,  Worst Slack        2.000ns,  Total Violation        0.000ns
---------------------------------------------------------------------------------------------------


Pulse Width Checks
--------------------------------------------------------------------------------------
Clock Name:         rgmii_rx_clk
Waveform(ns):       { 0.000 4.000 }
Period(ns):         8.000
Sources:            { eth_rx_clk }

Check Type        Corner  Lib Pin            Reference Pin  Required(ns)  Actual(ns)  Slack(ns)  Location         Pin
Min Period        n/a     MMCME2_ADV/CLKIN1  n/a            1.249         8.000       6.751      MMCME2_ADV_X0Y0  rx_clock_manager/CLKIN1
Max Period        n/a     MMCME2_ADV/CLKIN1  n/a            100.000       8.000       92.000     MMCME2_ADV_X0Y0  rx_clock_manager/CLKIN1
Low Pulse Width   Slow    MMCME2_ADV/CLKIN1  n/a            2.000         4.000       2.000      MMCME2_ADV_X0Y0  rx_clock_manager/CLKIN1
High Pulse Width  Slow    MMCME2_ADV/CLKIN1  n/a            2.000         4.000       2.000      MMCME2_ADV_X0Y0  rx_clock_manager/CLKIN1



---------------------------------------------------------------------------------------------------
From Clock:  rx_clock_unbuffered
  To Clock:  rx_clock_unbuffered

Setup :            0  Failing Endpoints,  Worst Slack        0.306ns,  Total Violation        0.000ns
Hold  :            0  Failing Endpoints,  Worst Slack        0.078ns,  Total Violation        0.000ns
PW    :            0  Failing Endpoints,  Worst Slack        3.500ns,  Total Violation        0.000ns
---------------------------------------------------------------------------------------------------


Max Delay Paths
--------------------------------------------------------------------------------------
Slack (MET) :             0.306ns  (required time - arrival time)
  Source:                 feed_handler/udp_parser_inst/udp_length_reg[4]/C
                            (rising edge-triggered cell FDRE clocked by rx_clock_unbuffered  {rise@2.500ns fall@6.500ns period=8.000ns})
  Destination:            feed_handler/message_decoder/price_reg[24]/D
                            (rising edge-triggered cell FDRE clocked by rx_clock_unbuffered  {rise@2.500ns fall@6.500ns period=8.000ns})
  Path Group:             rx_clock_unbuffered
  Path Type:              Setup (Max at Slow Process Corner)
  Requirement:            8.000ns  (rx_clock_unbuffered rise@10.500ns - rx_clock_unbuffered rise@2.500ns)
  Data Path Delay:        7.388ns  (logic 2.613ns (35.368%)  route 4.775ns (64.632%))
  Logic Levels:           11  (CARRY4=5 LUT3=3 LUT5=1 LUT6=2)
  Clock Path Skew:        -0.031ns (DCD - SCD + CPR)
    Destination Clock Delay (DCD):    -0.270ns = ( 10.230 - 10.500 )
    Source Clock Delay      (SCD):    0.466ns = ( 2.966 - 2.500 )
    Clock Pessimism Removal (CPR):    0.706ns
  Clock Uncertainty:      0.069ns  ((TSJ^2 + DJ^2)^1/2) / 2 + PE
    Total System Jitter     (TSJ):    0.071ns
    Discrete Jitter          (DJ):    0.118ns
    Phase Error              (PE):    0.000ns

    Location             Delay type                Incr(ns)  Path(ns)    Netlist Resource(s)
  -------------------------------------------------------------------    -------------------
                         (clock rx_clock_unbuffered rise edge)
                                                      2.500     2.500 r  <hidden>
    H18                                               0.000     2.500 r  eth_rx_clk
                         net (fo=0)                   0.000     2.500    eth_rx_clk
    H18                  IBUF (Prop_ibuf_I_O)         1.410     3.910 r  rx_clock_input_buffer/O
                         net (fo=1, routed)           2.036     5.946    rx_clock_input
    MMCME2_ADV_X0Y0      MMCME2_ADV (Prop_mmcme2_adv_CLKIN1_CLKOUT0)
                                                     -5.924     0.022 r  rx_clock_manager/CLKOUT0
                         net (fo=1, routed)           1.425     1.447    rx_clock_unbuffered
    BUFGCTRL_X0Y0        BUFG (Prop_bufg_I_O)         0.081     1.528 r  rx_clock_buffer/O
                         net (fo=504, routed)         1.439     2.966    feed_handler/udp_parser_inst/rx_clock
    SLICE_X6Y44          FDRE                                         r  feed_handler/udp_parser_inst/udp_length_reg[4]/C
  -------------------------------------------------------------------    -------------------
    SLICE_X6Y44          FDRE (Prop_fdre_C_Q)         0.398     3.364 r  feed_handler/udp_parser_inst/udp_length_reg[4]/Q
                         net (fo=2, routed)           0.502     3.866    feed_handler/udp_parser_inst/udp_length[4]
    SLICE_X6Y45          CARRY4 (Prop_carry4_S[3]_CO[3])
                                                      0.546     4.412 r  feed_handler/udp_parser_inst/payload_final_index_reg[4]_i_1/CO[3]
                         net (fo=1, routed)           0.000     4.412    feed_handler/udp_parser_inst/payload_final_index_reg[4]_i_1_n_0
    SLICE_X6Y46          CARRY4 (Prop_carry4_CI_CO[3])
                                                      0.100     4.512 r  feed_handler/udp_parser_inst/payload_final_index_reg[8]_i_1/CO[3]
                         net (fo=1, routed)           0.000     4.512    feed_handler/udp_parser_inst/payload_final_index_reg[8]_i_1_n_0
    SLICE_X6Y47          CARRY4 (Prop_carry4_CI_CO[3])
                                                      0.100     4.612 r  feed_handler/udp_parser_inst/payload_final_index_reg[12]_i_1/CO[3]
                         net (fo=1, routed)           0.000     4.612    feed_handler/udp_parser_inst/payload_final_index_reg[12]_i_1_n_0
    SLICE_X6Y48          CARRY4 (Prop_carry4_CI_O[0])
                                                      0.189     4.801 r  feed_handler/udp_parser_inst/payload_final_index_reg[15]_i_2/O[0]
                         net (fo=3, routed)           0.487     5.288    feed_handler/payload_router/D[13]
    SLICE_X5Y49          LUT3 (Prop_lut3_I2_O)        0.238     5.526 r  feed_handler/payload_router/route_active_i_34/O
                         net (fo=1, routed)           0.354     5.880    feed_handler/payload_router/active_final_index[13]
    SLICE_X6Y49          LUT6 (Prop_lut6_I5_O)        0.105     5.985 r  feed_handler/payload_router/route_active_i_11/O
                         net (fo=1, routed)           0.368     6.353    feed_handler/payload_router/route_active_i_11_n_0
    SLICE_X7Y47          CARRY4 (Prop_carry4_DI[2]_CO[3])
                                                      0.329     6.682 f  feed_handler/payload_router/route_active_reg_i_4/CO[3]
                         net (fo=1, routed)           0.588     7.271    feed_handler/payload_router/route_active7
    SLICE_X7Y48          LUT6 (Prop_lut6_I2_O)        0.105     7.376 f  feed_handler/payload_router/route_active_i_2/O
                         net (fo=24, routed)          0.525     7.901    feed_handler/payload_router/payload_byte_valid
    SLICE_X9Y49          LUT3 (Prop_lut3_I2_O)        0.105     8.006 f  feed_handler/payload_router/instrument_id[7]_i_5/O
                         net (fo=17, routed)          0.384     8.390    feed_handler/packet_controller/payload_byte_last
    SLICE_X9Y49          LUT3 (Prop_lut3_I1_O)        0.110     8.500 r  feed_handler/packet_controller/message_type[7]_i_4/O
                         net (fo=55, routed)          1.185     9.685    feed_handler/packet_controller/message_type[7]_i_4_n_0
    SLICE_X6Y39          LUT5 (Prop_lut5_I0_O)        0.288     9.973 r  feed_handler/packet_controller/price[24]_i_1/O
                         net (fo=1, routed)           0.381    10.354    feed_handler/message_decoder/price_reg[24]_1
    SLICE_X7Y37          FDRE                                         r  feed_handler/message_decoder/price_reg[24]/D
  -------------------------------------------------------------------    -------------------

                         (clock rx_clock_unbuffered rise edge)
                                                     10.500    10.500 r  <hidden>
    H18                                               0.000    10.500 r  eth_rx_clk
                         net (fo=0)                   0.000    10.500    eth_rx_clk
    H18                  IBUF (Prop_ibuf_I_O)         1.345    11.845 r  rx_clock_input_buffer/O
                         net (fo=1, routed)           1.686    13.531    rx_clock_input
    MMCME2_ADV_X0Y0      MMCME2_ADV (Prop_mmcme2_adv_CLKIN1_CLKOUT0)
                                                     -6.061     7.469 r  rx_clock_manager/CLKOUT0
                         net (fo=1, routed)           1.357     8.827    rx_clock_unbuffered
    BUFGCTRL_X0Y0        BUFG (Prop_bufg_I_O)         0.077     8.904 r  rx_clock_buffer/O
                         net (fo=504, routed)         1.326    10.230    feed_handler/message_decoder/rx_clock
    SLICE_X7Y37          FDRE                                         r  feed_handler/message_decoder/price_reg[24]/C
                         clock pessimism              0.706    10.935    <hidden>
                         clock uncertainty           -0.069    10.866    <hidden>
    SLICE_X7Y37          FDRE (Setup_fdre_C_D)       -0.206    10.660    feed_handler/message_decoder/price_reg[24]
  -------------------------------------------------------------------
                         required time                         10.660    <hidden>
                         arrival time                         -10.354    <hidden>
  -------------------------------------------------------------------
                         slack                                  0.306    <hidden>





Min Delay Paths
--------------------------------------------------------------------------------------
Slack (MET) :             0.078ns  (arrival time - required time)
  Source:                 feed_handler/message_decoder/message_valid_reg/C
                            (rising edge-triggered cell FDRE clocked by rx_clock_unbuffered  {rise@2.500ns fall@6.500ns period=8.000ns})
  Destination:            message_clock_crossing/source_request_toggle_reg/D
                            (rising edge-triggered cell FDRE clocked by rx_clock_unbuffered  {rise@2.500ns fall@6.500ns period=8.000ns})
  Path Group:             rx_clock_unbuffered
  Path Type:              Hold (Min at Fast Process Corner)
  Requirement:            0.000ns  (rx_clock_unbuffered rise@2.500ns - rx_clock_unbuffered rise@2.500ns)
  Data Path Delay:        0.438ns  (logic 0.209ns (47.742%)  route 0.229ns (52.258%))
  Logic Levels:           1  (LUT3=1)
  Clock Path Skew:        0.268ns (DCD - SCD - CPR)
    Destination Clock Delay (DCD):    -0.196ns = ( 2.304 - 2.500 )
    Source Clock Delay      (SCD):    -0.112ns = ( 2.388 - 2.500 )
    Clock Pessimism Removal (CPR):    -0.352ns

    Location             Delay type                Incr(ns)  Path(ns)    Netlist Resource(s)
  -------------------------------------------------------------------    -------------------
                         (clock rx_clock_unbuffered rise edge)
                                                      2.500     2.500 r  <hidden>
    H18                                               0.000     2.500 r  eth_rx_clk
                         net (fo=0)                   0.000     2.500    eth_rx_clk
    H18                  IBUF (Prop_ibuf_I_O)         0.247     2.747 r  rx_clock_input_buffer/O
                         net (fo=1, routed)           0.922     3.669    rx_clock_input
    MMCME2_ADV_X0Y0      MMCME2_ADV (Prop_mmcme2_adv_CLKIN1_CLKOUT0)
                                                     -2.362     1.307 r  rx_clock_manager/CLKOUT0
                         net (fo=1, routed)           0.489     1.796    rx_clock_unbuffered
    BUFGCTRL_X0Y0        BUFG (Prop_bufg_I_O)         0.026     1.822 r  rx_clock_buffer/O
                         net (fo=504, routed)         0.567     2.388    feed_handler/message_decoder/rx_clock
    SLICE_X12Y47         FDRE                                         r  feed_handler/message_decoder/message_valid_reg/C
  -------------------------------------------------------------------    -------------------
    SLICE_X12Y47         FDRE (Prop_fdre_C_Q)         0.164     2.552 r  feed_handler/message_decoder/message_valid_reg/Q
                         net (fo=2, routed)           0.229     2.781    message_clock_crossing/message_valid
    SLICE_X13Y52         LUT3 (Prop_lut3_I1_O)        0.045     2.826 r  message_clock_crossing/source_request_toggle_i_1/O
                         net (fo=1, routed)           0.000     2.826    message_clock_crossing/source_request_toggle_i_1_n_0
    SLICE_X13Y52         FDRE                                         r  message_clock_crossing/source_request_toggle_reg/D
  -------------------------------------------------------------------    -------------------

                         (clock rx_clock_unbuffered rise edge)
                                                      2.500     2.500 r  <hidden>
    H18                                               0.000     2.500 r  eth_rx_clk
                         net (fo=0)                   0.000     2.500    eth_rx_clk
    H18                  IBUF (Prop_ibuf_I_O)         0.435     2.935 r  rx_clock_input_buffer/O
                         net (fo=1, routed)           1.117     4.052    rx_clock_input
    MMCME2_ADV_X0Y0      MMCME2_ADV (Prop_mmcme2_adv_CLKIN1_CLKOUT0)
                                                     -3.145     0.907 r  rx_clock_manager/CLKOUT0
                         net (fo=1, routed)           0.534     1.440    rx_clock_unbuffered
    BUFGCTRL_X0Y0        BUFG (Prop_bufg_I_O)         0.029     1.469 r  rx_clock_buffer/O
                         net (fo=504, routed)         0.834     2.304    message_clock_crossing/source_request_toggle_reg_0
    SLICE_X13Y52         FDRE                                         r  message_clock_crossing/source_request_toggle_reg/C
                         clock pessimism              0.352     2.656    <hidden>
    SLICE_X13Y52         FDRE (Hold_fdre_C_D)         0.092     2.748    message_clock_crossing/source_request_toggle_reg
  -------------------------------------------------------------------
                         required time                         -2.748    <hidden>
                         arrival time                           2.826    <hidden>
  -------------------------------------------------------------------
                         slack                                  0.078    <hidden>





Pulse Width Checks
--------------------------------------------------------------------------------------
Clock Name:         rx_clock_unbuffered
Waveform(ns):       { 2.500 6.500 }
Period(ns):         8.000
Sources:            { rx_clock_manager/CLKOUT0 }

Check Type        Corner  Lib Pin             Reference Pin  Required(ns)  Actual(ns)  Slack(ns)  Location         Pin
Min Period        n/a     BUFG/I              n/a            1.592         8.000       6.408      BUFGCTRL_X0Y0    rx_clock_buffer/I
Max Period        n/a     MMCME2_ADV/CLKOUT0  n/a            213.360       8.000       205.360    MMCME2_ADV_X0Y0  rx_clock_manager/CLKOUT0
Low Pulse Width   Slow    FDPE/C              n/a            0.500         4.000       3.500      SLICE_X7Y53      rx_reset_pipeline_reg[0]/C
High Pulse Width  Slow    FDPE/C              n/a            0.500         4.000       3.500      SLICE_X7Y53      rx_reset_pipeline_reg[0]/C



---------------------------------------------------------------------------------------------------
From Clock:  rx_feedback_unbuffered
  To Clock:  rx_feedback_unbuffered

Setup :           NA  Failing Endpoints,  Worst Slack           NA  ,  Total Violation           NA
Hold  :           NA  Failing Endpoints,  Worst Slack           NA  ,  Total Violation           NA
PW    :            0  Failing Endpoints,  Worst Slack        6.408ns,  Total Violation        0.000ns
---------------------------------------------------------------------------------------------------


Pulse Width Checks
--------------------------------------------------------------------------------------
Clock Name:         rx_feedback_unbuffered
Waveform(ns):       { 0.000 4.000 }
Period(ns):         8.000
Sources:            { rx_clock_manager/CLKFBOUT }

Check Type  Corner  Lib Pin             Reference Pin  Required(ns)  Actual(ns)  Slack(ns)  Location         Pin
Min Period  n/a     BUFG/I              n/a            1.592         8.000       6.408      BUFGCTRL_X0Y2    rx_feedback_buffer/I
Max Period  n/a     MMCME2_ADV/CLKFBIN  n/a            100.000       8.000       92.000     MMCME2_ADV_X0Y0  rx_clock_manager/CLKFBIN



---------------------------------------------------------------------------------------------------
From Clock:  rgmii_rx_clk
  To Clock:  rx_clock_unbuffered

Setup :            0  Failing Endpoints,  Worst Slack        0.096ns,  Total Violation        0.000ns
Hold  :            0  Failing Endpoints,  Worst Slack        1.171ns,  Total Violation        0.000ns
---------------------------------------------------------------------------------------------------


Max Delay Paths
--------------------------------------------------------------------------------------
Slack (MET) :             0.096ns  (required time - arrival time)
  Source:                 eth_rxd[1]
                            (input port clocked by rgmii_rx_clk  {rise@0.000ns fall@4.000ns period=8.000ns})
  Destination:            receiver/generate_data_iddr[1].data_iddr/D
                            (rising edge-triggered cell IDDR clocked by rx_clock_unbuffered  {rise@2.500ns fall@6.500ns period=8.000ns})
  Path Group:             rx_clock_unbuffered
  Path Type:              Setup (Max at Slow Process Corner)
  Requirement:            2.500ns  (rx_clock_unbuffered fall@6.500ns - rgmii_rx_clk fall@4.000ns)
  Data Path Delay:        1.431ns  (logic 1.431ns (100.000%)  route 0.000ns (0.000%))
  Logic Levels:           1  (IBUF=1)
  Input Delay:            0.500ns
  Clock Path Skew:        -0.295ns (DCD - SCD + CPR)
    Destination Clock Delay (DCD):    -0.295ns = ( 6.205 - 6.500 )
    Source Clock Delay      (SCD):    0.000ns = ( 4.000 - 4.000 )
    Clock Pessimism Removal (CPR):    0.000ns
  Clock Uncertainty:      0.166ns  ((TSJ^2 + DJ^2)^1/2) / 2 + PE
    Total System Jitter     (TSJ):    0.071ns
    Discrete Jitter          (DJ):    0.118ns
    Phase Error              (PE):    0.097ns

    Location             Delay type                Incr(ns)  Path(ns)    Netlist Resource(s)
  -------------------------------------------------------------------    -------------------
                         (clock rgmii_rx_clk fall edge)
                                                      4.000     4.000 f  <hidden>
                         input delay                  0.500     4.500    <hidden>
    K16                                               0.000     4.500 r  eth_rxd[1]
                         net (fo=0)                   0.000     4.500    eth_rxd[1]
    K16                  IBUF (Prop_ibuf_I_O)         1.431     5.931 r  eth_rxd_IBUF[1]_inst/O
                         net (fo=1, routed)           0.000     5.931    receiver/eth_rxd_IBUF[1]
    ILOGIC_X0Y53         IDDR                                         r  receiver/generate_data_iddr[1].data_iddr/D
  -------------------------------------------------------------------    -------------------

                         (clock rx_clock_unbuffered fall edge)
                                                      6.500     6.500 f  <hidden>
    H18                                               0.000     6.500 f  eth_rx_clk
                         net (fo=0)                   0.000     6.500    eth_rx_clk
    H18                  IBUF (Prop_ibuf_I_O)         1.345     7.845 f  rx_clock_input_buffer/O
                         net (fo=1, routed)           1.686     9.531    rx_clock_input
    MMCME2_ADV_X0Y0      MMCME2_ADV (Prop_mmcme2_adv_CLKIN1_CLKOUT0)
                                                     -6.061     3.469 f  rx_clock_manager/CLKOUT0
                         net (fo=1, routed)           1.357     4.827    rx_clock_unbuffered
    BUFGCTRL_X0Y0        BUFG (Prop_bufg_I_O)         0.077     4.904 f  rx_clock_buffer/O
                         net (fo=504, routed)         1.301     6.205    receiver/control_iddr_1
    ILOGIC_X0Y53         IDDR                                         f  receiver/generate_data_iddr[1].data_iddr/C
                         clock pessimism              0.000     6.205    <hidden>
                         clock uncertainty           -0.166     6.039    <hidden>
    ILOGIC_X0Y53         IDDR (Setup_iddr_C_D)       -0.012     6.027    receiver/generate_data_iddr[1].data_iddr
  -------------------------------------------------------------------
                         required time                          6.027    <hidden>
                         arrival time                          -5.931    <hidden>
  -------------------------------------------------------------------
                         slack                                  0.096    <hidden>





Min Delay Paths
--------------------------------------------------------------------------------------
Slack (MET) :             1.171ns  (arrival time - required time)
  Source:                 eth_rxd[3]
                            (input port clocked by rgmii_rx_clk  {rise@0.000ns fall@4.000ns period=8.000ns})
  Destination:            receiver/generate_data_iddr[3].data_iddr/D
                            (rising edge-triggered cell IDDR clocked by rx_clock_unbuffered  {rise@2.500ns fall@6.500ns period=8.000ns})
  Path Group:             rx_clock_unbuffered
  Path Type:              Hold (Min at Fast Process Corner)
  Requirement:            -1.500ns  (rx_clock_unbuffered rise@2.500ns - rgmii_rx_clk fall@4.000ns)
  Data Path Delay:        0.233ns  (logic 0.233ns (100.000%)  route 0.000ns (0.000%))
  Logic Levels:           1  (IBUF=1)
  Input Delay:            -0.500ns
  Clock Path Skew:        -0.172ns (DCD - SCD - CPR)
    Destination Clock Delay (DCD):    -0.172ns = ( 2.328 - 2.500 )
    Source Clock Delay      (SCD):    0.000ns = ( 4.000 - 4.000 )
    Clock Pessimism Removal (CPR):    -0.000ns
  Clock Uncertainty:      0.166ns  ((TSJ^2 + DJ^2)^1/2) / 2 + PE
    Total System Jitter     (TSJ):    0.071ns
    Discrete Jitter          (DJ):    0.118ns
    Phase Error              (PE):    0.097ns

    Location             Delay type                Incr(ns)  Path(ns)    Netlist Resource(s)
  -------------------------------------------------------------------    -------------------
                         (clock rgmii_rx_clk fall edge)
                                                      4.000     4.000 f  <hidden>
                         input delay                 -0.500     3.500    <hidden>
    M15                                               0.000     3.500 r  eth_rxd[3]
                         net (fo=0)                   0.000     3.500    eth_rxd[3]
    M15                  IBUF (Prop_ibuf_I_O)         0.233     3.733 r  eth_rxd_IBUF[3]_inst/O
                         net (fo=1, routed)           0.000     3.733    receiver/eth_rxd_IBUF[3]
    ILOGIC_X0Y52         IDDR                                         r  receiver/generate_data_iddr[3].data_iddr/D
  -------------------------------------------------------------------    -------------------

                         (clock rx_clock_unbuffered rise edge)
                                                      2.500     2.500 r  <hidden>
    H18                                               0.000     2.500 r  eth_rx_clk
                         net (fo=0)                   0.000     2.500    eth_rx_clk
    H18                  IBUF (Prop_ibuf_I_O)         0.435     2.935 r  rx_clock_input_buffer/O
                         net (fo=1, routed)           1.117     4.052    rx_clock_input
    MMCME2_ADV_X0Y0      MMCME2_ADV (Prop_mmcme2_adv_CLKIN1_CLKOUT0)
                                                     -3.145     0.907 r  rx_clock_manager/CLKOUT0
                         net (fo=1, routed)           0.534     1.440    rx_clock_unbuffered
    BUFGCTRL_X0Y0        BUFG (Prop_bufg_I_O)         0.029     1.469 r  rx_clock_buffer/O
                         net (fo=504, routed)         0.859     2.328    receiver/control_iddr_1
    ILOGIC_X0Y52         IDDR                                         r  receiver/generate_data_iddr[3].data_iddr/C
                         clock pessimism              0.000     2.328    <hidden>
                         clock uncertainty            0.166     2.494    <hidden>
    ILOGIC_X0Y52         IDDR (Hold_iddr_C_D)         0.068     2.562    receiver/generate_data_iddr[3].data_iddr
  -------------------------------------------------------------------
                         required time                         -2.562    <hidden>
                         arrival time                           3.733    <hidden>
  -------------------------------------------------------------------
                         slack                                  1.171    <hidden>
