Copyright 1986-2022 Xilinx, Inc. All Rights Reserved. Copyright 2022-2026 Advanced Micro Devices, Inc. All Rights Reserved.
---------------------------------------------------------------------------------------------------------------------------------------------------------------------------------------
| Tool Version : Vivado v.2026.1 (win64) Build 6511674 Tue Jun 16 11:02:23 MDT 2026
| Date         : Sat Sep  5 21:11:06 2026
| Host         : omitted from public report
| Command      : report_methodology -file reports/a7_lite_ethernet/post_implementation_methodology.rpt
| Design       : a7_lite_ethernet_top
| Device       : xc7a35tfgg484-2
| Speed File   : -2
| Design State : Fully Routed
---------------------------------------------------------------------------------------------------------------------------------------------------------------------------------------

Report Methodology

Table of Contents
-----------------
1. REPORT SUMMARY
2. REPORT DETAILS

1. REPORT SUMMARY
-----------------
            Netlist: netlist
          Floorplan: impl_1
      Design limits: <entire design considered>
             Max checks: <unlimited>
             Checks found: 5
+-----------+----------+-------------------------------+--------+
| Rule      | Severity | Description                   | Checks |
+-----------+----------+-------------------------------+--------+
| TIMING-9  | Warning  | Unknown CDC Logic             | 1      |
| TIMING-18 | Warning  | Missing input or output delay | 4      |
+-----------+----------+-------------------------------+--------+

2. REPORT DETAILS
-----------------
TIMING-9#1 Warning
Unknown CDC Logic
One or more asynchronous Clock Domain Crossing has been detected between 2 clock domains through a set_false_path or a set_clock_groups or set_max_delay -datapath_only constraint but no double-registers logic synchronizer has been found on the side of the capture clock. It is recommended to run report_cdc for a complete and detailed CDC coverage. Please consider using XPM_CDC to avoid Critical severities
Related violations: <none>

TIMING-18#1 Warning
Missing input or output delay
An input delay is missing on reset_n relative to the rising and/or falling clock edge(s) of clk_50mhz.
Related violations: <none>

TIMING-18#2 Warning
Missing input or output delay
An output delay is missing on eth_reset_n relative to the rising and/or falling clock edge(s) of clk_50mhz.
Related violations: <none>

TIMING-18#3 Warning
Missing input or output delay
An output delay is missing on led_activity_n relative to the rising and/or falling clock edge(s) of clk_50mhz.
Related violations: <none>

TIMING-18#4 Warning
Missing input or output delay
An output delay is missing on uart_tx relative to the rising and/or falling clock edge(s) of clk_50mhz.
Related violations: <none>
